Archive member included to satisfy reference by file (symbol)

build/cooja/mtype830.a(simEnvChange.o)
                              build/cooja/mtype830.o (simDontFallAsleep)
build/cooja/mtype830.a(cooja_mt.o)
                              build/cooja/mtype830.o (cooja_mt_start)
build/cooja/mtype830.a(cooja_mtarch.o)
                              build/cooja/mtype830.a(cooja_mt.o) (cooja_mtarch_start)
build/cooja/mtype830.a(rtimer-arch.o)
                              build/cooja/mtype830.o (rtimer_arch_check)
build/cooja/mtype830.a(beep.o)
                              build/cooja/mtype830.o (beep_interface)
build/cooja/mtype830.a(leds-arch.o)
                              build/cooja/mtype830.o (leds_interface)
build/cooja/mtype830.a(moteid.o)
                              build/cooja/mtype830.o (moteid_interface)
build/cooja/mtype830.a(pir-sensor.o)
                              build/cooja/mtype830.o (pir_interface)
build/cooja/mtype830.a(rs232.o)
                              build/cooja/mtype830.o (rs232_interface)
build/cooja/mtype830.a(vib-sensor.o)
                              build/cooja/mtype830.o (vib_interface)
build/cooja/mtype830.a(clock.o)
                              build/cooja/mtype830.o (clock_interface)
build/cooja/mtype830.a(cooja-log.o)
                              build/cooja/mtype830.o (simlog_interface)
build/cooja/mtype830.a(cfs-cooja.o)
                              build/cooja/mtype830.o (cfs_interface)
build/cooja/mtype830.a(cooja-radio.o)
                              build/cooja/mtype830.o (radio_interface)
build/cooja/mtype830.a(eeprom.o)
                              build/cooja/mtype830.o (eeprom_interface)
build/cooja/mtype830.a(random.o)
                              build/cooja/mtype830.a(moteid.o) (random_init)
build/cooja/mtype830.a(sensors.o)
                              build/cooja/mtype830.a(pir-sensor.o) (sensors_changed)
build/cooja/mtype830.a(leds.o)
                              build/cooja/mtype830.a(leds-arch.o) (leds_get)
build/cooja/mtype830.a(gpio-hal-arch.o)
                              build/cooja/mtype830.a(leds-arch.o) (gpio_hal_arch_register_pin_callback)
build/cooja/mtype830.a(buttons.o)
                              build/cooja/mtype830.o (button_interface)
build/cooja/mtype830.a(contiki-main.o)
                              build/cooja/mtype830.o (main)
build/cooja/mtype830.a(autostart.o)
                              build/cooja/mtype830.a(contiki-main.o) (autostart_start)
build/cooja/mtype830.a(ctimer.o)
                              build/cooja/mtype830.a(contiki-main.o) (ctimer_init)
build/cooja/mtype830.a(log.o)
                              build/cooja/mtype830.a(contiki-main.o) (curr_log_level_main)
build/cooja/mtype830.a(energest.o)
                              build/cooja/mtype830.a(contiki-main.o) (energest_init)
build/cooja/mtype830.a(etimer.o)
                              build/cooja/mtype830.a(contiki-main.o) (etimer_process)
build/cooja/mtype830.a(node-id.o)
                              build/cooja/mtype830.a(contiki-main.o) (node_id)
build/cooja/mtype830.a(process.o)
                              build/cooja/mtype830.a(ctimer.o) (process_current)
build/cooja/mtype830.a(rtimer.o)
                              build/cooja/mtype830.a(contiki-main.o) (rtimer_init)
build/cooja/mtype830.a(timer.o)
                              build/cooja/mtype830.a(etimer.o) (timer_set)
build/cooja/mtype830.a(list.o)
                              build/cooja/mtype830.a(ctimer.o) (list_init)
build/cooja/mtype830.a(button-hal.o)
                              build/cooja/mtype830.o (button_hal_init)
build/cooja/mtype830.a(serial-line.o)
                              build/cooja/mtype830.a(rs232.o) (serial_line_input_byte)
build/cooja/mtype830.a(gpio-hal.o)
                              build/cooja/mtype830.a(button-hal.o) (gpio_hal_register_handler)
build/cooja/mtype830.a(queuebuf.o)
                              build/cooja/mtype830.a(contiki-main.o) (queuebuf_init)
build/cooja/mtype830.a(packetbuf.o)
                              build/cooja/mtype830.a(cooja-radio.o) (packetbuf_clear)
build/cooja/mtype830.a(netstack.o)
                              build/cooja/mtype830.a(contiki-main.o) (netstack_init)
build/cooja/mtype830.a(linkaddr.o)
                              build/cooja/mtype830.a(contiki-main.o) (linkaddr_node_addr)
build/cooja/mtype830.a(csma.o)
                              build/cooja/mtype830.a(cooja-radio.o) (csma_driver)
build/cooja/mtype830.a(csma-output.o)
                              build/cooja/mtype830.a(csma.o) (csma_output_packet)
build/cooja/mtype830.a(nullnet.o)
                              broadcast-receiver.o (nullnet_buf)
build/cooja/mtype830.a(nullrouting.o)
                              build/cooja/mtype830.a(contiki-main.o) (nullrouting_driver)
build/cooja/mtype830.a(watchdog.o)
                              build/cooja/mtype830.a(contiki-main.o) (watchdog_init)
build/cooja/mtype830.a(int-master.o)
[...]
Memory Configuration

Name             Origin             Length             Attributes
*default*        0x0000000000000000 0xffffffffffffffff

Linker script and memory map

LOAD /usr/lib/gcc/i686-linux-gnu/7/../../../i386-linux-gnu/crti.o
LOAD /usr/lib/gcc/i686-linux-gnu/7/crtbeginS.o
LOAD broadcast-receiver.o
LOAD build/cooja/mtype830.o
LOAD build/cooja/mtype830.a
LOAD /usr/lib/gcc/i686-linux-gnu/7/libgcc.a
LOAD /usr/lib/gcc/i686-linux-gnu/7/libgcc_s.so
START GROUP
LOAD /usr/lib/gcc/i686-linux-gnu/7/libgcc_s.so.1
LOAD /usr/lib/gcc/i686-linux-gnu/7/libgcc.a
END GROUP
LOAD /usr/lib/gcc/i686-linux-gnu/7/../../../i386-linux-gnu/libc.so
START GROUP
LOAD /lib/i386-linux-gnu/libc.so.6
LOAD /usr/lib/i386-linux-gnu/libc_nonshared.a
LOAD /lib/i386-linux-gnu/ld-linux.so.2
END GROUP
LOAD /usr/lib/gcc/i686-linux-gnu/7/libgcc.a
LOAD /usr/lib/gcc/i686-linux-gnu/7/libgcc_s.so
START GROUP
LOAD /usr/lib/gcc/i686-linux-gnu/7/libgcc_s.so.1
LOAD /usr/lib/gcc/i686-linux-gnu/7/libgcc.a
END GROUP
LOAD /usr/lib/gcc/i686-linux-gnu/7/crtendS.o
LOAD /usr/lib/gcc/i686-linux-gnu/7/../../../i386-linux-gnu/crtn.o
                0x0000000000000114                . = (SEGMENT_START ("text-segment", 0x0) + SIZEOF_HEADERS)

.note.gnu.build-id
                0x0000000000000114       0x24
 *(.note.gnu.build-id)
 .note.gnu.build-id
                0x0000000000000114       0x24 /usr/lib/gcc/i686-linux-gnu/7/../../../i386-linux-gnu/crti.o

.hash
 *(.hash)

.gnu.hash       0x0000000000000138      0xaf8
 *(.gnu.hash)
 .gnu.hash      0x0000000000000138      0xaf8 /usr/lib/gcc/i686-linux-gnu/7/../../../i386-linux-gnu/crti.o

.dynsym         0x0000000000000c30     0x1820
 *(.dynsym)
 .dynsym        0x0000000000000c30     0x1820 /usr/lib/gcc/i686-linux-gnu/7/../../../i386-linux-gnu/crti.o

.dynstr         0x0000000000002450     0x19f7
 *(.dynstr)
 .dynstr        0x0000000000002450     0x19f7 /usr/lib/gcc/i686-linux-gnu/7/../../../i386-linux-gnu/crti.o

.gnu.version    0x0000000000003e48      0x304
 *(.gnu.version)
 .gnu.version   0x0000000000003e48      0x304 /usr/lib/gcc/i686-linux-gnu/7/../../../i386-linux-gnu/crti.o

.gnu.version_d  0x000000000000414c        0x0
 *(.gnu.version_d)
 .gnu.version_d
                0x000000000000414c        0x0 /usr/lib/gcc/i686-linux-gnu/7/../../../i386-linux-gnu/crti.o

.gnu.version_r  0x000000000000414c       0x40
 *(.gnu.version_r)
 .gnu.version_r
                0x000000000000414c       0x40 /usr/lib/gcc/i686-linux-gnu/7/../../../i386-linux-gnu/crti.o

.rel.dyn        0x000000000000418c      0x868
 *(.rel.init)
 .rel.init      0x000000000000418c        0x0 /usr/lib/gcc/i686-linux-gnu/7/../../../i386-linux-gnu/crti.o
 *(.rel.text .rel.text.* .rel.gnu.linkonce.t.*)
 .rel.text      0x000000000000418c      0x190 /usr/lib/gcc/i686-linux-gnu/7/../../../i386-linux-gnu/crti.o
 *(.rel.fini)
 .rel.fini      0x000000000000431c        0x0 /usr/lib/gcc/i686-linux-gnu/7/../../../i386-linux-gnu/crti.o
 *(.rel.rodata .rel.rodata.* .rel.gnu.linkonce.r.*)
 *(.rel.data.rel.ro .rel.data.rel.ro.* .rel.gnu.linkonce.d.rel.ro.*)
 .rel.data.rel.ro.local
                0x000000000000431c      0x2b0 /usr/lib/gcc/i686-linux-gnu/7/../../../i386-linux-gnu/crti.o
 *(.rel.data .rel.data.* .rel.gnu.linkonce.d.*)
 .rel.data.rel.local
                0x00000000000045cc      0x1c0 /usr/lib/gcc/i686-linux-gnu/7/../../../i386-linux-gnu/crti.o
 .rel.data.rel  0x000000000000478c       0x78 /usr/lib/gcc/i686-linux-gnu/7/../../../i386-linux-gnu/crti.o
 *(.rel.tdata .rel.tdata.* .rel.gnu.linkonce.td.*)
 *(.rel.tbss .rel.tbss.* .rel.gnu.linkonce.tb.*)
 *(.rel.ctors)
 *(.rel.dtors)
 *(.rel.got)
 .rel.got       0x0000000000004804      0x1e0 /usr/lib/gcc/i686-linux-gnu/7/../../../i386-linux-gnu/crti.o
 *(.rel.bss .rel.bss.* .rel.gnu.linkonce.b.*)
 *(.rel.ifunc)
 .rel.ifunc     0x00000000000049e4        0x0 /usr/lib/gcc/i686-linux-gnu/7/../../../i386-linux-gnu/crti.o
 .rel.fini_array
                0x00000000000049e4        0x8 /usr/lib/gcc/i686-linux-gnu/7/../../../i386-linux-gnu/crti.o
 .rel.init_array
                0x00000000000049ec        0x8 /usr/lib/gcc/i686-linux-gnu/7/../../../i386-linux-gnu/crti.o

.rel.plt        0x00000000000049f4      0x480
 *(.rel.plt)
 .rel.plt       0x00000000000049f4      0x480 /usr/lib/gcc/i686-linux-gnu/7/../../../i386-linux-gnu/crti.o
 *(.rel.iplt)

.init           0x0000000000004e74       0x23
 *(SORT_NONE(.init))
 .init          0x0000000000004e74       0x1e /usr/lib/gcc/i686-linux-gnu/7/../../../i386-linux-gnu/crti.o
                0x0000000000004e74                _init
 .init          0x0000000000004e92        0x5 /usr/lib/gcc/i686-linux-gnu/7/../../../i386-linux-gnu/crtn.o

.plt            0x0000000000004ea0      0x910
 *(.plt)
 .plt           0x0000000000004ea0      0x910 /usr/lib/gcc/i686-linux-gnu/7/../../../i386-linux-gnu/crti.o
 *(.iplt)

.plt.got        0x00000000000057b0       0x18
 *(.plt.got)
 .plt.got       0x00000000000057b0       0x18 /usr/lib/gcc/i686-linux-gnu/7/../../../i386-linux-gnu/crti.o

.plt.sec
 *(.plt.sec)

.text           0x00000000000057d0     0x80d4
 *(.text.unlikely .text.*_unlikely .text.unlikely.*)
 *(.text.exit .text.exit.*)
 *(.text.startup .text.startup.*)
 *(.text.hot .text.hot.*)
 *(.text .stub .text.* .gnu.linkonce.t.*)
 .text          0x00000000000057d0        0x0 /usr/lib/gcc/i686-linux-gnu/7/../../../i386-linux-gnu/crti.o
 .gnu.linkonce.t.__x86.get_pc_thunk.bx
                0x00000000000057d0        0x4 /usr/lib/gcc/i686-linux-gnu/7/../../../i386-linux-gnu/crti.o
                0x00000000000057d0                __x86.get_pc_thunk.bx
 *fill*         0x00000000000057d4        0xc 
 .text          0x00000000000057e0       0xe9 /usr/lib/gcc/i686-linux-gnu/7/crtbeginS.o
 .text.__x86.get_pc_thunk.dx
                0x00000000000058c9        0x4 /usr/lib/gcc/i686-linux-gnu/7/crtbeginS.o
                0x00000000000058c9                __x86.get_pc_thunk.dx
 .text          0x00000000000058cd      0x1b4 broadcast-receiver.o
                0x00000000000058cd                input_callback
 .text          0x0000000000005a81      0x346 build/cooja/mtype830.o
                0x0000000000005b0e                platform_init_stage_one
                0x0000000000005b31                platform_init_stage_two
                0x0000000000005b54                platform_init_stage_three
                0x0000000000005b77                platform_main_loop
                0x0000000000005c1d                Java_org_contikios_cooja_corecomm_Lib4_init
                0x0000000000005c6b                Java_org_contikios_cooja_corecomm_Lib4_getMemory
                0x0000000000005cab                Java_org_contikios_cooja_corecomm_Lib4_setMemory
                0x0000000000005d1c                Java_org_contikios_cooja_corecomm_Lib4_tick
                0x0000000000005da6                Java_org_contikios_cooja_corecomm_Lib4_setReferenceAddress
 .text.__x86.get_pc_thunk.ax
                0x0000000000005dc7        0x4 build/cooja/mtype830.o
                0x0000000000005dc7                __x86.get_pc_thunk.ax
 .text          0x0000000000005dcb       0x8d build/cooja/mtype830.a(simEnvChange.o)
                0x0000000000005dcb                doActionsBeforeTick
                0x0000000000005e11                doActionsAfterTick
 .text          0x0000000000005e58       0xb6 build/cooja/mtype830.a(cooja_mt.o)
                0x0000000000005e58                cooja_mt_start
                0x0000000000005e92                cooja_mt_exec
                0x0000000000005ed9                cooja_mt_yield
 .text          0x0000000000005f0e       0xf2 build/cooja/mtype830.a(cooja_mtarch.o)
                0x0000000000005f0e                cooja_mtarch_start
                0x0000000000005f92                cooja_sw
                0x0000000000005fc0                cooja_mtarch_exec
                0x0000000000005feb                cooja_mtarch_yield
 .text          0x0000000000006000      0x127 build/cooja/mtype830.a(rtimer-arch.o)
                0x0000000000006000                rtimer_arch_init
                0x000000000000602f                rtimer_arch_schedule
                0x0000000000006071                rtimer_arch_next
                0x000000000000608b                rtimer_arch_pending
                0x00000000000060a2                rtimer_arch_check
                0x000000000000610d                rtimer_arch_now
 .text.__x86.get_pc_thunk.cx
                0x0000000000006127        0x4 build/cooja/mtype830.a(rtimer-arch.o)
                0x0000000000006127                __x86.get_pc_thunk.cx
 .text          0x000000000000612b      0x101 build/cooja/mtype830.a(beep.o)
                0x000000000000612b                beep_alarm
                0x0000000000006144                beep_beep
                0x000000000000615d                beep
                0x0000000000006176                beep_down
                0x000000000000618f                beep_on
                0x00000000000061a8                beep_off
                0x00000000000061c1                beep_spinup
                0x00000000000061da                beep_quick
                0x00000000000061f3                beep_long
 .text          0x000000000000622c       0x9f build/cooja/mtype830.a(leds-arch.o)
                0x0000000000006250                leds_arch_init
 .text          0x00000000000062cb       0x56 build/cooja/mtype830.a(moteid.o)
 .text          0x0000000000006321      0x101 build/cooja/mtype830.a(pir-sensor.o)
 .text          0x0000000000006422      0x1cc build/cooja/mtype830.a(rs232.o)
                0x0000000000006422                rs232_init
                0x0000000000006432                rs232_set_speed
                0x000000000000644b                rs232_set_input
                0x0000000000006464                rs232_send
                0x000000000000649a                rs232_print
                0x00000000000064c8                slip_arch_writeb
 .text          0x00000000000065ee      0x101 build/cooja/mtype830.a(vib-sensor.o)
 .text          0x00000000000066ef       0x7a build/cooja/mtype830.a(clock.o)
                0x00000000000066ef                clock_init
                0x00000000000066ff                clock_time
                0x0000000000006716                clock_seconds
                0x0000000000006739                clock_delay
 .text          0x0000000000006769      0x2b5 build/cooja/mtype830.a(cooja-log.o)
                0x0000000000006769                simlog_char
                0x00000000000067cd                simlog
                0x0000000000006867                log_message
                0x00000000000068b6                log_set_putchar_with_slip
                0x00000000000068cf                log_putchar
                0x000000000000695a                log_puts
                0x000000000000698c                log_printf
 .text          0x0000000000006a1e      0x36c build/cooja/mtype830.a(cfs-cooja.o)
                0x0000000000006a1e                cfs_open
                0x0000000000006a96                cfs_close
                0x0000000000006aad                cfs_read
                0x0000000000006b61                cfs_write
                0x0000000000006c5f                cfs_seek
                0x0000000000006cfc                cfs_remove
                0x0000000000006d32                cfs_opendir
                0x0000000000006d46                cfs_readdir
                0x0000000000006d5a                cfs_closedir
 .text          0x0000000000006d8a      0x785 build/cooja/mtype830.a(cooja-radio.o)
                0x0000000000006df8                radio_set_channel
                0x0000000000006e11                radio_set_txpower
                0x0000000000006e34                radio_signal_strength_last
                0x0000000000006e49                radio_signal_strength_current
                0x0000000000006e5e                radio_LQI
 .text          0x000000000000750f      0x130 build/cooja/mtype830.a(eeprom.o)
                0x000000000000750f                eeprom_init
                0x000000000000751f                eeprom_read
                0x000000000000759f                eeprom_write
 .text          0x000000000000763f       0x4e build/cooja/mtype830.a(random.o)
                0x000000000000763f                random_init
                0x000000000000766f                random_rand
 .text          0x000000000000768d      0x332 build/cooja/mtype830.a(sensors.o)
                0x00000000000076d4                sensors_first
                0x00000000000076eb                sensors_next
                0x0000000000007716                sensors_changed
                0x0000000000007763                sensors_find
 .text          0x00000000000079bf      0x3fc build/cooja/mtype830.a(leds.o)
                0x00000000000079bf                leds_init
                0x0000000000007a17                leds_single_on
                0x0000000000007a8f                leds_single_off
                0x0000000000007b07                leds_single_toggle
                0x0000000000007b4b                leds_on
                0x0000000000007be3                leds_off
                0x0000000000007c7b                leds_toggle
                0x0000000000007ce1                leds_set
                0x0000000000007d17                leds_get
 .text          0x0000000000007dbb      0x401 build/cooja/mtype830.a(gpio-hal-arch.o)
                0x0000000000007dbb                gpio_hal_arch_register_pin_callback
                0x0000000000007e3c                gpio_hal_arch_init
                0x0000000000007e96                gpio_hal_arch_no_port_interrupt_enable
                0x0000000000007ed0                gpio_hal_arch_no_port_interrupt_disable
                0x0000000000007f0a                gpio_hal_arch_no_port_pin_cfg_set
                0x0000000000007f39                gpio_hal_arch_no_port_pin_cfg_get
                0x0000000000007f69                gpio_hal_arch_no_port_pin_set_input
                0x0000000000007f85                gpio_hal_arch_no_port_pin_set_output
                0x0000000000007fa1                gpio_hal_arch_no_port_set_pin
                0x0000000000007fcc                gpio_hal_arch_no_port_clear_pin
                0x0000000000007ff7                gpio_hal_arch_no_port_read_pin
                0x0000000000008029                gpio_hal_arch_no_port_write_pin
                0x000000000000805d                gpio_hal_arch_no_port_set_pins
                0x00000000000080ae                gpio_hal_arch_no_port_clear_pins
                0x00000000000080ff                gpio_hal_arch_no_port_read_pins
                0x0000000000008152                gpio_hal_arch_no_port_write_pins
 .text          0x00000000000081bc       0xc6 build/cooja/mtype830.a(buttons.o)
 .text          0x0000000000008282      0x2fa build/cooja/mtype830.a(contiki-main.o)
                0x0000000000008282                main
 .text          0x000000000000857c       0xb0 build/cooja/mtype830.a(autostart.o)
                0x000000000000857c                autostart_start
                0x00000000000085d5                autostart_exit
 .text          0x000000000000862c      0x400 build/cooja/mtype830.a(ctimer.o)
                0x000000000000876f                ctimer_init
                0x00000000000087b4                ctimer_set
                0x00000000000087e7                ctimer_set_with_process
                0x000000000000887e                ctimer_reset
                0x00000000000088ec                ctimer_restart
                0x000000000000895a                ctimer_stop
                0x00000000000089ba                ctimer_expired
 .text          0x0000000000008a2c      0x31b build/cooja/mtype830.a(log.o)
                0x0000000000008a2c                log_lladdr
                0x0000000000008ab3                log_lladdr_compact
                0x0000000000008b30                log_bytes
                0x0000000000008b84                log_set_level
                0x0000000000008c62                log_get_level
                0x0000000000008cf3                log_level_to_str
 .text          0x0000000000008d47       0x39 build/cooja/mtype830.a(energest.o)
                0x0000000000008d47                energest_init
                0x0000000000008d57                energest_flush
                0x0000000000008d67                energest_get_total_time
 .text          0x0000000000008d80      0x527 build/cooja/mtype830.a(etimer.o)
                0x0000000000008fd5                etimer_request_poll
                0x0000000000009086                etimer_set
                0x00000000000090bf                etimer_reset_with_new_interval
                0x00000000000090fe                etimer_reset
                0x0000000000009134                etimer_restart
                0x000000000000916a                etimer_adjust
                0x0000000000009191                etimer_expired
                0x00000000000091ae                etimer_expiration_time
                0x00000000000091ca                etimer_start_time
                0x00000000000091de                etimer_pending
                0x00000000000091fb                etimer_next_expiration_time
                0x0000000000009223                etimer_stop
 .text          0x00000000000092a7       0x36 build/cooja/mtype830.a(node-id.o)
                0x00000000000092a7                node_id_init
 .text          0x00000000000092dd      0x5cb build/cooja/mtype830.a(process.o)
                0x00000000000092dd                process_alloc_event
                0x00000000000092fe                process_start
                0x0000000000009503                process_exit
                0x000000000000952b                process_init
                0x00000000000096f3                process_run
                0x0000000000009736                process_nevents
                0x000000000000975b                process_post
                0x0000000000009808                process_post_synch
                0x000000000000984e                process_poll
                0x000000000000988a                process_is_running
 .text.__x86.get_pc_thunk.si
                0x00000000000098a8        0x4 build/cooja/mtype830.a(process.o)
                0x00000000000098a8                __x86.get_pc_thunk.si
 .text          0x00000000000098ac      0x122 build/cooja/mtype830.a(rtimer.o)
                0x00000000000098ac                rtimer_init
                0x00000000000098cb                rtimer_set
                0x0000000000009959                rtimer_run_next
 .text          0x00000000000099ce       0xf6 build/cooja/mtype830.a(timer.o)
                0x00000000000099ce                timer_set
                0x00000000000099fd                timer_reset
                0x0000000000009a34                timer_restart
                0x0000000000009a5a                timer_expired
                0x0000000000009a98                timer_remaining
 .text          0x0000000000009ac4      0x311 build/cooja/mtype830.a(list.o)
                0x0000000000009ac4                list_init
                0x0000000000009add                list_head
                0x0000000000009af1                list_copy
                0x0000000000009b0b                list_tail
                0x0000000000009b4b                list_add
                0x0000000000009ba1                list_push
                0x0000000000009bd7                list_chop
                0x0000000000009c4b                list_pop
                0x0000000000009c7d                list_remove
                0x0000000000009cef                list_length
                0x0000000000009d27                list_insert
                0x0000000000009d76                list_item_next
                0x0000000000009d97                list_contains
 .text          0x0000000000009dd5      0x566 build/cooja/mtype830.a(button-hal.o)
                0x0000000000009fc9                button_hal_get_by_id
                0x000000000000a013                button_hal_get_by_index
                0x000000000000a04d                button_hal_get_state
                0x000000000000a0af                button_hal_init
 .text          0x000000000000a33b      0x242 build/cooja/mtype830.a(serial-line.o)
                0x000000000000a33b                serial_line_input_byte
                0x000000000000a533                serial_line_init
 .text          0x000000000000a57d      0x1d6 build/cooja/mtype830.a(gpio-hal.o)
                0x000000000000a57d                gpio_hal_register_handler
                0x000000000000a5ab                gpio_hal_event_handler
                0x000000000000a618                gpio_hal_init
                0x000000000000a647                gpio_hal_arch_port_toggle_pin
                0x000000000000a692                gpio_hal_arch_port_toggle_pins
                0x000000000000a6cf                gpio_hal_arch_no_port_toggle_pin
                0x000000000000a71c                gpio_hal_arch_no_port_toggle_pins
 .text          0x000000000000a753      0x3a9 build/cooja/mtype830.a(queuebuf.o)
                0x000000000000a767                queuebuf_init
                0x000000000000a7a3                queuebuf_numfree
                0x000000000000a7cd                queuebuf_new_from_packetbuf
                0x000000000000a881                queuebuf_update_attr_from_packetbuf
                0x000000000000a8c5                queuebuf_update_from_packetbuf
                0x000000000000a924                queuebuf_free
                0x000000000000a982                queuebuf_to_packetbuf
                0x000000000000a9ff                queuebuf_dataptr
                0x000000000000aa4b                queuebuf_datalen
                0x000000000000aa78                queuebuf_addr
                0x000000000000aab7                queuebuf_attr
                0x000000000000aaec                queuebuf_debug_print
 .text          0x000000000000aafc      0x4dd build/cooja/mtype830.a(packetbuf.o)
                0x000000000000aafc                packetbuf_clear
                0x000000000000ab32                packetbuf_copyfrom
                0x000000000000ab92                packetbuf_copyto
                0x000000000000ac30                packetbuf_hdralloc
                0x000000000000acc0                packetbuf_hdrreduce
                0x000000000000ad12                packetbuf_set_datalen
                0x000000000000ad37                packetbuf_dataptr
                0x000000000000ad5e                packetbuf_hdrptr
                0x000000000000ad73                packetbuf_datalen
                0x000000000000ad89                packetbuf_hdrlen
                0x000000000000ada8                packetbuf_totlen
                0x000000000000adc8                packetbuf_remaininglen
                0x000000000000ade5                packetbuf_attr_clear
                0x000000000000ae4b                packetbuf_attr_copyto
                0x000000000000ae91                packetbuf_attr_copyfrom
                0x000000000000aed7                packetbuf_set_attr
                0x000000000000af0d                packetbuf_attr
                0x000000000000af33                packetbuf_set_addr
                0x000000000000af7b                packetbuf_addr
                0x000000000000afa5                packetbuf_holds_broadcast
 .text          0x000000000000afd9      0x13c build/cooja/mtype830.a(netstack.o)
                0x000000000000afd9                netstack_process_ip_callback
                0x000000000000b07a                netstack_ip_packet_processor_add
                0x000000000000b0ae                uip_ds6_ip_packet_processor_rm
                0x000000000000b0dc                netstack_init
 .text          0x000000000000b115       0x75 build/cooja/mtype830.a(linkaddr.o)
                0x000000000000b115                linkaddr_copy
                0x000000000000b135                linkaddr_cmp
                0x000000000000b168                linkaddr_set_node_addr
 .text          0x000000000000b18a      0x2ae build/cooja/mtype830.a(csma.o)
 .text          0x000000000000b438      0xa6f build/cooja/mtype830.a(csma-output.o)
                0x000000000000bbaa                csma_output_packet
                0x000000000000be59                csma_output_init
 .text          0x000000000000bea7      0x131 build/cooja/mtype830.a(nullnet.o)
                0x000000000000bf28                nullnet_set_input_callback
 .text          0x000000000000bfd8      0x170 build/cooja/mtype830.a(nullrouting.o)
 .text          0x000000000000c148       0x6b build/cooja/mtype830.a(watchdog.o)
                0x000000000000c148                watchdog_init
                0x000000000000c158                watchdog_start
                0x000000000000c168                watchdog_periodic
                0x000000000000c193                watchdog_stop
                0x000000000000c1a3                watchdog_reboot
 .text          0x000000000000c1b3       0x75 build/cooja/mtype830.a(int-master.o)
                0x000000000000c1b3                int_master_enable
                0x000000000000c1cd                int_master_read_and_disable
                0x000000000000c1f5                int_master_status_set
                0x000000000000c20e                int_master_is_enabled
 .text          0x000000000000c228      0x188 build/cooja/mtype830.a(ringbuf.o)
                0x000000000000c228                ringbuf_init
                0x000000000000c264                ringbuf_put
                0x000000000000c2ec                ringbuf_get
                0x000000000000c363                ringbuf_size
                0x000000000000c37f                ringbuf_elements
 .text          0x000000000000c3b0      0x1ec build/cooja/mtype830.a(memb.o)
                0x000000000000c3b0                memb_init
                0x000000000000c414                memb_alloc
                0x000000000000c481                memb_free
                0x000000000000c502                memb_inmemb
                0x000000000000c54b                memb_numfree
 .text          0x000000000000c59c       0x31 build/cooja/mtype830.a(assert.o)
                0x000000000000c59c                _xassert
 .text          0x000000000000c5cd      0x1a8 build/cooja/mtype830.a(mac-sequence.o)
                0x000000000000c5cd                mac_sequence_is_duplicate
                0x000000000000c68d                mac_sequence_register_seqno
 .text          0x000000000000c775       0x2d build/cooja/mtype830.a(mac.o)
                0x000000000000c775                mac_call_sent_callback
 .text          0x000000000000c7a2      0x477 build/cooja/mtype830.a(framer-802154.o)
                0x000000000000c945                framer_802154_setup_params
 .text          0x000000000000cc19      0xc1a build/cooja/mtype830.a(frame802154.o)
                0x000000000000cc54                frame802154_get_pan_id
                0x000000000000cc6a                frame802154_set_pan_id
                0x000000000000cc8f                frame802154_has_panid
                0x000000000000ce48                frame802154_check_dest_panid
                0x000000000000ceda                frame802154_is_broadcast_addr
                0x000000000000cf31                frame802154_extract_linkaddr
                0x000000000000d1ba                frame802154_hdrlen
                0x000000000000d237                frame802154_create_fcf
                0x000000000000d2f9                frame802154_create
                0x000000000000d484                frame802154_parse_fcf
                0x000000000000d570                frame802154_parse
 .text          0x000000000000d833       0x4e build/cooja/mtype830.a(csma-security.o)
                0x000000000000d833                csma_security_create_frame
                0x000000000000d864                csma_security_parse_frame
 *fill*         0x000000000000d881        0xf 
 .text          0x000000000000d890       0x14 /usr/lib/i386-linux-gnu/libc_nonshared.a(stack_chk_fail_local.oS)
                0x000000000000d890                __stack_chk_fail_local
 .text          0x000000000000d8a4        0x0 /usr/lib/gcc/i686-linux-gnu/7/crtendS.o
 .text          0x000000000000d8a4        0x0 /usr/lib/gcc/i686-linux-gnu/7/../../../i386-linux-gnu/crtn.o
 *(.gnu.warning)

.fini           0x000000000000d8a4       0x14
 *(SORT_NONE(.fini))
 .fini          0x000000000000d8a4        0xf /usr/lib/gcc/i686-linux-gnu/7/../../../i386-linux-gnu/crti.o
                0x000000000000d8a4                _fini
 .fini          0x000000000000d8b3        0x5 /usr/lib/gcc/i686-linux-gnu/7/../../../i386-linux-gnu/crtn.o
                [!provide]                        PROVIDE (__etext = .)
                [!provide]                        PROVIDE (_etext = .)
                [!provide]                        PROVIDE (etext = .)

.rodata         0x000000000000d8b8      0x35d
 *(.rodata .rodata.* .gnu.linkonce.r.*)
 .rodata        0x000000000000d8b8       0x6d broadcast-receiver.o
 *fill*         0x000000000000d925        0x3 
 .rodata        0x000000000000d928        0x6 build/cooja/mtype830.a(leds-arch.o)
                0x000000000000d928                leds_arch_leds
 .rodata        0x000000000000d92e        0x4 build/cooja/mtype830.a(pir-sensor.o)
 .rodata        0x000000000000d932        0x6 build/cooja/mtype830.a(rs232.o)
 .rodata        0x000000000000d938        0xa build/cooja/mtype830.a(vib-sensor.o)
 *fill*         0x000000000000d942        0x2 
 .rodata        0x000000000000d944       0x27 build/cooja/mtype830.a(cfs-cooja.o)
 *fill*         0x000000000000d96b        0x1 
 .rodata        0x000000000000d96c       0x68 build/cooja/mtype830.a(cooja-radio.o)
 .rodata        0x000000000000d9d4        0x8 build/cooja/mtype830.a(sensors.o)
 .rodata        0x000000000000d9dc       0x14 build/cooja/mtype830.a(buttons.o)
                0x000000000000d9e8                button_hal_button_count
 .rodata        0x000000000000d9f0       0xd0 build/cooja/mtype830.a(contiki-main.o)
 .rodata        0x000000000000dac0        0xf build/cooja/mtype830.a(ctimer.o)
 *fill*         0x000000000000dacf        0x1 
 .rodata        0x000000000000dad0       0xa8 build/cooja/mtype830.a(log.o)
 .rodata        0x000000000000db78        0xc build/cooja/mtype830.a(etimer.o)
 .rodata        0x000000000000db84       0x13 build/cooja/mtype830.a(button-hal.o)
 .rodata        0x000000000000db97        0xe build/cooja/mtype830.a(serial-line.o)
 *fill*         0x000000000000dba5        0x3 
 .rodata        0x000000000000dba8        0x8 build/cooja/mtype830.a(linkaddr.o)
                0x000000000000dba8                linkaddr_null
 .rodata        0x000000000000dbb0        0x5 build/cooja/mtype830.a(csma.o)
 *fill*         0x000000000000dbb5        0x3 
 .rodata        0x000000000000dbb8       0x24 build/cooja/mtype830.a(csma-output.o)
 .rodata        0x000000000000dbdc        0x8 build/cooja/mtype830.a(nullnet.o)
 .rodata        0x000000000000dbe4        0xc build/cooja/mtype830.a(nullrouting.o)
 .rodata        0x000000000000dbf0       0x25 build/cooja/mtype830.a(assert.o)

.rodata1
 *(.rodata1)

.eh_frame_hdr   0x000000000000dc18      0xc1c
 *(.eh_frame_hdr)
 .eh_frame_hdr  0x000000000000dc18      0xc1c broadcast-receiver.o
                0x000000000000dc18                __GNU_EH_FRAME_HDR
 *(.eh_frame_entry .eh_frame_entry.*)

.eh_frame       0x000000000000e834     0x3318
 *(.eh_frame)
 .eh_frame      0x000000000000e834       0x3c /usr/lib/gcc/i686-linux-gnu/7/../../../i386-linux-gnu/crti.o
                                         0x40 (size before relaxing)
 .eh_frame      0x000000000000e870       0x14 /usr/lib/gcc/i686-linux-gnu/7/../../../i386-linux-gnu/crti.o
                                         0x2c (size before relaxing)
 .eh_frame      0x000000000000e884       0x48 broadcast-receiver.o
                                         0x74 (size before relaxing)
 .eh_frame      0x000000000000e8cc      0x1ac build/cooja/mtype830.o
                                        0x1ec (size before relaxing)
 .eh_frame      0x000000000000ea78       0x48 build/cooja/mtype830.a(simEnvChange.o)
                                         0x74 (size before relaxing)
 .eh_frame      0x000000000000eac0       0x6c build/cooja/mtype830.a(cooja_mt.o)
                                         0x98 (size before relaxing)
 .eh_frame      0x000000000000eb2c       0x88 build/cooja/mtype830.a(cooja_mtarch.o)
                                         0xc8 (size before relaxing)
 .eh_frame      0x000000000000ebb4       0xe4 build/cooja/mtype830.a(rtimer-arch.o)
                                        0x110 (size before relaxing)
 .eh_frame      0x000000000000ec98      0x160 build/cooja/mtype830.a(beep.o)
                                        0x18c (size before relaxing)
 .eh_frame      0x000000000000edf8       0x88 build/cooja/mtype830.a(leds-arch.o)
                                         0xc8 (size before relaxing)
 .eh_frame      0x000000000000ee80       0x44 build/cooja/mtype830.a(moteid.o)
                                         0x70 (size before relaxing)
 .eh_frame      0x000000000000eec4       0xa4 build/cooja/mtype830.a(pir-sensor.o)
                                         0xe4 (size before relaxing)
 .eh_frame      0x000000000000ef68      0x110 build/cooja/mtype830.a(rs232.o)
                                        0x150 (size before relaxing)
 .eh_frame      0x000000000000f078       0xa4 build/cooja/mtype830.a(vib-sensor.o)
                                         0xe4 (size before relaxing)
 .eh_frame      0x000000000000f11c       0xc0 build/cooja/mtype830.a(clock.o)
                                         0xec (size before relaxing)
 .eh_frame      0x000000000000f1dc      0x130 build/cooja/mtype830.a(cooja-log.o)
                                        0x170 (size before relaxing)
 .eh_frame      0x000000000000f30c      0x16c build/cooja/mtype830.a(cfs-cooja.o)
                                        0x1ac (size before relaxing)
 .eh_frame      0x000000000000f478      0x354 build/cooja/mtype830.a(cooja-radio.o)
                                        0x394 (size before relaxing)
 .eh_frame      0x000000000000f7cc       0xa8 build/cooja/mtype830.a(eeprom.o)
                                         0xe8 (size before relaxing)
 .eh_frame      0x000000000000f874       0x48 build/cooja/mtype830.a(random.o)
                                         0x74 (size before relaxing)
 .eh_frame      0x000000000000f8bc       0xd0 build/cooja/mtype830.a(sensors.o)
                                        0x110 (size before relaxing)
 .eh_frame      0x000000000000f98c      0x140 build/cooja/mtype830.a(leds.o)
                                        0x180 (size before relaxing)
 .eh_frame      0x000000000000facc      0x228 build/cooja/mtype830.a(gpio-hal-arch.o)
                                        0x27c (size before relaxing)
 .eh_frame      0x000000000000fcf4       0xa4 build/cooja/mtype830.a(buttons.o)
                                         0xe4 (size before relaxing)
 .eh_frame      0x000000000000fd98       0x38 build/cooja/mtype830.a(contiki-main.o)
                                         0x64 (size before relaxing)
 .eh_frame      0x000000000000fdd0       0x48 build/cooja/mtype830.a(autostart.o)
                                         0x74 (size before relaxing)
 .eh_frame      0x000000000000fe18      0x11c build/cooja/mtype830.a(ctimer.o)
                                        0x15c (size before relaxing)
 .eh_frame      0x000000000000ff34       0xd8 build/cooja/mtype830.a(log.o)
                                        0x118 (size before relaxing)
 .eh_frame      0x000000000001000c       0x60 build/cooja/mtype830.a(energest.o)
                                         0x8c (size before relaxing)
 .eh_frame      0x000000000001006c      0x204 build/cooja/mtype830.a(etimer.o)
                                        0x244 (size before relaxing)
 .eh_frame      0x0000000000010270       0x20 build/cooja/mtype830.a(node-id.o)
                                         0x4c (size before relaxing)
 .eh_frame      0x0000000000010290      0x1ec build/cooja/mtype830.a(process.o)
                                        0x22c (size before relaxing)
 .eh_frame      0x000000000001047c       0x6c build/cooja/mtype830.a(rtimer.o)
                                         0xc0 (size before relaxing)
 .eh_frame      0x00000000000104e8       0xb4 build/cooja/mtype830.a(timer.o)
                                         0xe0 (size before relaxing)
 .eh_frame      0x000000000001059c      0x1a0 build/cooja/mtype830.a(list.o)
                                        0x1cc (size before relaxing)
 .eh_frame      0x000000000001073c      0x188 build/cooja/mtype830.a(button-hal.o)
                                        0x1c8 (size before relaxing)
 .eh_frame      0x00000000000108c4       0x6c build/cooja/mtype830.a(serial-line.o)
                                         0x98 (size before relaxing)
 .eh_frame      0x0000000000010930       0xfc build/cooja/mtype830.a(gpio-hal.o)
                                        0x13c (size before relaxing)
 .eh_frame      0x0000000000010a2c      0x1c0 build/cooja/mtype830.a(queuebuf.o)
                                        0x200 (size before relaxing)
 .eh_frame      0x0000000000010bec      0x2b0 build/cooja/mtype830.a(packetbuf.o)
                                        0x2f0 (size before relaxing)
 .eh_frame      0x0000000000010e9c       0x90 build/cooja/mtype830.a(netstack.o)
                                         0xd0 (size before relaxing)
 .eh_frame      0x0000000000010f2c       0x64 build/cooja/mtype830.a(linkaddr.o)
                                         0x90 (size before relaxing)
 .eh_frame      0x0000000000010f90       0xf0 build/cooja/mtype830.a(csma.o)
                                        0x130 (size before relaxing)
 .eh_frame      0x0000000000011080      0x1f8 build/cooja/mtype830.a(csma-output.o)
                                        0x238 (size before relaxing)
 .eh_frame      0x0000000000011278       0x90 build/cooja/mtype830.a(nullnet.o)
                                         0xd0 (size before relaxing)
 .eh_frame      0x0000000000011308      0x280 build/cooja/mtype830.a(nullrouting.o)
                                        0x2ac (size before relaxing)
 .eh_frame      0x0000000000011588       0xa4 build/cooja/mtype830.a(watchdog.o)
                                         0xd0 (size before relaxing)
 .eh_frame      0x000000000001162c       0x80 build/cooja/mtype830.a(int-master.o)
                                         0xac (size before relaxing)
 .eh_frame      0x00000000000116ac       0xa0 build/cooja/mtype830.a(ringbuf.o)
                                         0xcc (size before relaxing)
 .eh_frame      0x000000000001174c       0xa4 build/cooja/mtype830.a(memb.o)
                                         0xe4 (size before relaxing)
 .eh_frame      0x00000000000117f0       0x24 build/cooja/mtype830.a(assert.o)
                                         0x50 (size before relaxing)
 .eh_frame      0x0000000000011814       0x50 build/cooja/mtype830.a(mac-sequence.o)
                                         0x7c (size before relaxing)
 .eh_frame      0x0000000000011864       0x20 build/cooja/mtype830.a(mac.o)
                                         0x4c (size before relaxing)
 .eh_frame      0x0000000000011884       0xb4 build/cooja/mtype830.a(framer-802154.o)
                                         0xf4 (size before relaxing)
 .eh_frame      0x0000000000011938      0x1b0 build/cooja/mtype830.a(frame802154.o)
                                        0x1f0 (size before relaxing)
 .eh_frame      0x0000000000011ae8       0x44 build/cooja/mtype830.a(csma-security.o)
                                         0x84 (size before relaxing)
 .eh_frame      0x0000000000011b2c       0x1c /usr/lib/i386-linux-gnu/libc_nonshared.a(stack_chk_fail_local.oS)
                                         0x48 (size before relaxing)
 .eh_frame      0x0000000000011b48        0x4 /usr/lib/gcc/i686-linux-gnu/7/crtendS.o
 *(.eh_frame.*)

.gcc_except_table
 *(.gcc_except_table .gcc_except_table.*)

.gnu_extab
 *(.gnu_extab*)

.exception_ranges
 *(.exception_ranges .exception_ranges*)
                0x0000000000012c78                . = DATA_SEGMENT_ALIGN (CONSTANT (MAXPAGESIZE), CONSTANT (COMMONPAGESIZE))

.eh_frame
 *(.eh_frame)
 *(.eh_frame.*)

.gnu_extab
 *(.gnu_extab)

.gcc_except_table
 *(.gcc_except_table .gcc_except_table.*)

.exception_ranges
 *(.exception_ranges .exception_ranges*)

.tdata
 *(.tdata .tdata.* .gnu.linkonce.td.*)

.tbss
 *(.tbss .tbss.* .gnu.linkonce.tb.*)
 *(.tcommon)

.preinit_array
 *(.preinit_array)

.init_array     0x0000000000012c78        0x4
 *(SORT_BY_INIT_PRIORITY(.init_array.*) SORT_BY_INIT_PRIORITY(.ctors.*))
 *(.init_array EXCLUDE_FILE(*crtend?.o *crtend.o *crtbegin?.o *crtbegin.o) .ctors)
 .init_array    0x0000000000012c78        0x4 /usr/lib/gcc/i686-linux-gnu/7/crtbeginS.o

.fini_array     0x0000000000012c7c        0x4
 *(SORT_BY_INIT_PRIORITY(.fini_array.*) SORT_BY_INIT_PRIORITY(.dtors.*))
 *(.fini_array EXCLUDE_FILE(*crtend?.o *crtend.o *crtbegin?.o *crtbegin.o) .dtors)
 .fini_array    0x0000000000012c7c        0x4 /usr/lib/gcc/i686-linux-gnu/7/crtbeginS.o

.ctors
 *crtbegin.o(.ctors)
 *crtbegin?.o(.ctors)
 *(EXCLUDE_FILE(*crtend?.o *crtend.o) .ctors)
 *(SORT_BY_NAME(.ctors.*))
 *(.ctors)

.dtors
 *crtbegin.o(.dtors)
 *crtbegin?.o(.dtors)
 *(EXCLUDE_FILE(*crtend?.o *crtend.o) .dtors)
 *(SORT_BY_NAME(.dtors.*))
 *(.dtors)

.jcr
 *(.jcr)

.data.rel.ro    0x0000000000012c80      0x1a0
 *(.data.rel.ro.local* .gnu.linkonce.d.rel.ro.local.*)
 .data.rel.ro.local
                0x0000000000012c80        0x8 broadcast-receiver.o
                0x0000000000012c80                autostart_processes
 .data.rel.ro.local
                0x0000000000012c88        0x8 build/cooja/mtype830.a(beep.o)
                0x0000000000012c88                beep_interface
 .data.rel.ro.local
                0x0000000000012c90        0x8 build/cooja/mtype830.a(leds-arch.o)
                0x0000000000012c90                leds_interface
 .data.rel.ro.local
                0x0000000000012c98        0x8 build/cooja/mtype830.a(moteid.o)
                0x0000000000012c98                moteid_interface
 .data.rel.ro.local
                0x0000000000012ca0       0x18 build/cooja/mtype830.a(pir-sensor.o)
                0x0000000000012ca0                pir_interface
                0x0000000000012ca8                pir_sensor
 .data.rel.ro.local
                0x0000000000012cb8        0x8 build/cooja/mtype830.a(rs232.o)
                0x0000000000012cb8                rs232_interface
 .data.rel.ro.local
                0x0000000000012cc0       0x18 build/cooja/mtype830.a(vib-sensor.o)
                0x0000000000012cc0                vib_interface
                0x0000000000012cc8                vib_sensor
 .data.rel.ro.local
                0x0000000000012cd8        0x8 build/cooja/mtype830.a(clock.o)
                0x0000000000012cd8                clock_interface
 .data.rel.ro.local
                0x0000000000012ce0        0x8 build/cooja/mtype830.a(cooja-log.o)
                0x0000000000012ce0                simlog_interface
 .data.rel.ro.local
                0x0000000000012ce8        0x8 build/cooja/mtype830.a(cfs-cooja.o)
                0x0000000000012ce8                cfs_interface
 *fill*         0x0000000000012cf0       0x10 
 .data.rel.ro.local
                0x0000000000012d00       0x58 build/cooja/mtype830.a(cooja-radio.o)
                0x0000000000012d00                radio_interface
                0x0000000000012d20                cooja_radio_driver
 .data.rel.ro.local
                0x0000000000012d58        0x8 build/cooja/mtype830.a(eeprom.o)
                0x0000000000012d58                eeprom_interface
 .data.rel.ro.local
                0x0000000000012d60       0x18 build/cooja/mtype830.a(buttons.o)
                0x0000000000012d60                button_interface
                0x0000000000012d68                button_sensor
 .data.rel.ro.local
                0x0000000000012d78       0x1c build/cooja/mtype830.a(csma.o)
                0x0000000000012d78                csma_driver
 .data.rel.ro.local
                0x0000000000012d94       0x10 build/cooja/mtype830.a(nullnet.o)
                0x0000000000012d94                nullnet_driver
 *fill*         0x0000000000012da4       0x1c 
 .data.rel.ro.local
                0x0000000000012dc0       0x54 build/cooja/mtype830.a(nullrouting.o)
                0x0000000000012dc0                nullrouting_driver
 .data.rel.ro.local
                0x0000000000012e14        0xc build/cooja/mtype830.a(framer-802154.o)
                0x0000000000012e14                framer_802154
 *(.data.rel.ro .data.rel.ro.* .gnu.linkonce.d.rel.ro.*)
 .data.rel.ro   0x0000000000012e20        0x0 /usr/lib/gcc/i686-linux-gnu/7/../../../i386-linux-gnu/crti.o

.dynamic        0x0000000000012e20       0xf0
 *(.dynamic)
 .dynamic       0x0000000000012e20       0xf0 /usr/lib/gcc/i686-linux-gnu/7/../../../i386-linux-gnu/crti.o
                0x0000000000012e20                _DYNAMIC

.got            0x0000000000012f10       0xf0
 *(.got)
 .got           0x0000000000012f10       0xf0 /usr/lib/gcc/i686-linux-gnu/7/../../../i386-linux-gnu/crti.o
 *(.igot)
                0x0000000000013ff4                . = DATA_SEGMENT_RELRO_END (., (SIZEOF (.got.plt) >= 0xc)?0xc:0x0)

.got.plt        0x0000000000013000      0x24c
 *(.got.plt)
 .got.plt       0x0000000000013000      0x24c /usr/lib/gcc/i686-linux-gnu/7/../../../i386-linux-gnu/crti.o
                0x0000000000013000                _GLOBAL_OFFSET_TABLE_
 *(.igot.plt)

.data           0x0000000000013260      0x25a
 *(.data .data.* .gnu.linkonce.d.*)
 .data          0x0000000000013260        0x0 /usr/lib/gcc/i686-linux-gnu/7/../../../i386-linux-gnu/crti.o
 .data          0x0000000000013260        0x0 /usr/lib/gcc/i686-linux-gnu/7/crtbeginS.o
 .data.rel.local
                0x0000000000013260        0x4 /usr/lib/gcc/i686-linux-gnu/7/crtbeginS.o
                0x0000000000013260                __dso_handle
 .data          0x0000000000013264        0x0 broadcast-receiver.o
 .data.rel.local
                0x0000000000013264       0x10 broadcast-receiver.o
                0x0000000000013264                broadcast_receiver
 .data          0x0000000000013274        0x0 build/cooja/mtype830.o
 *fill*         0x0000000000013274        0xc 
 .data.rel      0x0000000000013280       0x44 build/cooja/mtype830.o
                0x0000000000013280                simInterfaces
                0x00000000000132b4                sensors
 .data          0x00000000000132c4        0x0 build/cooja/mtype830.a(simEnvChange.o)
 .data          0x00000000000132c4        0x0 build/cooja/mtype830.a(cooja_mt.o)
 .data          0x00000000000132c4        0x0 build/cooja/mtype830.a(cooja_mtarch.o)
 .data          0x00000000000132c4        0x0 build/cooja/mtype830.a(rtimer-arch.o)
 .data          0x00000000000132c4        0x0 build/cooja/mtype830.a(beep.o)
 .data          0x00000000000132c4        0x0 build/cooja/mtype830.a(leds-arch.o)
 .data          0x00000000000132c4        0x0 build/cooja/mtype830.a(moteid.o)
 .data          0x00000000000132c4        0x0 build/cooja/mtype830.a(pir-sensor.o)
 .data          0x00000000000132c4        0x0 build/cooja/mtype830.a(rs232.o)
 .data          0x00000000000132c4        0x0 build/cooja/mtype830.a(vib-sensor.o)
 .data          0x00000000000132c4        0x0 build/cooja/mtype830.a(clock.o)
 .data          0x00000000000132c4        0x0 build/cooja/mtype830.a(cooja-log.o)
 .data          0x00000000000132c4        0x0 build/cooja/mtype830.a(cfs-cooja.o)
 .data          0x00000000000132c4       0x1c build/cooja/mtype830.a(cooja-radio.o)
                0x00000000000132c4                simRadioHWOn
                0x00000000000132c8                simSignalStrength
                0x00000000000132cc                simLastSignalStrength
                0x00000000000132d0                simPower
                0x00000000000132d4                simRadioChannel
                0x00000000000132d8                simLQI
 .data.rel.local
                0x00000000000132e0       0x10 build/cooja/mtype830.a(cooja-radio.o)
                0x00000000000132e0                cooja_radio_process
 .data          0x00000000000132f0        0x0 build/cooja/mtype830.a(eeprom.o)
 .data          0x00000000000132f0        0x0 build/cooja/mtype830.a(random.o)
 .data          0x00000000000132f0        0x0 build/cooja/mtype830.a(sensors.o)
 .data.rel.local
                0x00000000000132f0       0x10 build/cooja/mtype830.a(sensors.o)
                0x00000000000132f0                sensors_process
 .data          0x0000000000013300        0x0 build/cooja/mtype830.a(leds.o)
 .data          0x0000000000013300        0x0 build/cooja/mtype830.a(gpio-hal-arch.o)
 .data          0x0000000000013300        0x1 build/cooja/mtype830.a(buttons.o)
                0x0000000000013300                simButtonIsActive
 *fill*         0x0000000000013301       0x1f 
 .data.rel.local
                0x0000000000013320       0x58 build/cooja/mtype830.a(buttons.o)
                0x0000000000013370                button_hal_buttons
 .data          0x0000000000013378        0x0 build/cooja/mtype830.a(contiki-main.o)
 .data          0x0000000000013378        0x0 build/cooja/mtype830.a(autostart.o)
 .data          0x0000000000013378        0x0 build/cooja/mtype830.a(ctimer.o)
 .data.rel.local
                0x0000000000013378       0x14 build/cooja/mtype830.a(ctimer.o)
                0x000000000001337c                ctimer_process
 .data          0x000000000001338c        0x4 build/cooja/mtype830.a(log.o)
                0x000000000001338c                curr_log_level_main
 *fill*         0x0000000000013390       0x10 
 .data.rel.local
                0x00000000000133a0       0x9c build/cooja/mtype830.a(log.o)
                0x00000000000133a0                all_modules
 .data          0x000000000001343c        0x0 build/cooja/mtype830.a(energest.o)
 .data          0x000000000001343c        0x0 build/cooja/mtype830.a(etimer.o)
 .data.rel.local
                0x000000000001343c       0x10 build/cooja/mtype830.a(etimer.o)
                0x000000000001343c                etimer_process
 .data          0x000000000001344c        0x0 build/cooja/mtype830.a(node-id.o)
 .data          0x000000000001344c        0x0 build/cooja/mtype830.a(process.o)
 .data          0x000000000001344c        0x0 build/cooja/mtype830.a(rtimer.o)
 .data          0x000000000001344c        0x0 build/cooja/mtype830.a(timer.o)
 .data          0x000000000001344c        0x0 build/cooja/mtype830.a(list.o)
 .data          0x000000000001344c        0x0 build/cooja/mtype830.a(button-hal.o)
 .data.rel.local
                0x000000000001344c       0x10 build/cooja/mtype830.a(button-hal.o)
                0x000000000001344c                button_hal_process
 .data          0x000000000001345c        0x0 build/cooja/mtype830.a(serial-line.o)
 .data.rel.local
                0x000000000001345c       0x10 build/cooja/mtype830.a(serial-line.o)
                0x000000000001345c                serial_line_process
 .data          0x000000000001346c        0x0 build/cooja/mtype830.a(gpio-hal.o)
 .data.rel.local
                0x000000000001346c        0x4 build/cooja/mtype830.a(gpio-hal.o)
 .data          0x0000000000013470        0x0 build/cooja/mtype830.a(queuebuf.o)
 .data.rel.local
                0x0000000000013470       0x18 build/cooja/mtype830.a(queuebuf.o)
 .data          0x0000000000013488        0x0 build/cooja/mtype830.a(packetbuf.o)
 .data.rel.local
                0x0000000000013488        0x4 build/cooja/mtype830.a(packetbuf.o)
 .data          0x000000000001348c        0x0 build/cooja/mtype830.a(netstack.o)
 .data.rel.local
                0x000000000001348c        0x4 build/cooja/mtype830.a(netstack.o)
 .data          0x0000000000013490        0x0 build/cooja/mtype830.a(linkaddr.o)
 .data          0x0000000000013490        0x0 build/cooja/mtype830.a(csma.o)
 .data          0x0000000000013490        0x0 build/cooja/mtype830.a(csma-output.o)
 .data.rel.local
                0x0000000000013490       0x28 build/cooja/mtype830.a(csma-output.o)
 .data          0x00000000000134b8        0x0 build/cooja/mtype830.a(nullnet.o)
 .data          0x00000000000134b8        0x0 build/cooja/mtype830.a(nullrouting.o)
 .data          0x00000000000134b8        0x0 build/cooja/mtype830.a(watchdog.o)
 .data          0x00000000000134b8        0x0 build/cooja/mtype830.a(int-master.o)
 .data          0x00000000000134b8        0x0 build/cooja/mtype830.a(ringbuf.o)
 .data          0x00000000000134b8        0x0 build/cooja/mtype830.a(memb.o)
 .data          0x00000000000134b8        0x0 build/cooja/mtype830.a(assert.o)
 .data          0x00000000000134b8        0x0 build/cooja/mtype830.a(mac-sequence.o)
 .data          0x00000000000134b8        0x0 build/cooja/mtype830.a(mac.o)
 .data          0x00000000000134b8        0x0 build/cooja/mtype830.a(framer-802154.o)
 .data          0x00000000000134b8        0x2 build/cooja/mtype830.a(frame802154.o)
 .data          0x00000000000134ba        0x0 build/cooja/mtype830.a(csma-security.o)
 .data          0x00000000000134ba        0x0 /usr/lib/i386-linux-gnu/libc_nonshared.a(stack_chk_fail_local.oS)
 .data          0x00000000000134ba        0x0 /usr/lib/gcc/i686-linux-gnu/7/crtendS.o
 .data          0x00000000000134ba        0x0 /usr/lib/gcc/i686-linux-gnu/7/../../../i386-linux-gnu/crtn.o

.tm_clone_table
                0x00000000000134bc        0x0
 .tm_clone_table
                0x00000000000134bc        0x0 /usr/lib/gcc/i686-linux-gnu/7/crtbeginS.o
 .tm_clone_table
                0x00000000000134bc        0x0 /usr/lib/gcc/i686-linux-gnu/7/crtendS.o

.data1
 *(.data1)
                0x00000000000134bc                _edata = .
                [!provide]                        PROVIDE (edata = .)
                0x00000000000134bc                . = .
                0x00000000000134bc                __bss_start = .

.bss            0x00000000000134c0     0x8b44
 *(.dynbss)
 .dynbss        0x00000000000134c0        0x0 /usr/lib/gcc/i686-linux-gnu/7/../../../i386-linux-gnu/crti.o
 *(.bss .bss.* .gnu.linkonce.b.*)
 .bss           0x00000000000134c0        0x0 /usr/lib/gcc/i686-linux-gnu/7/../../../i386-linux-gnu/crti.o
 .bss           0x00000000000134c0        0x1 /usr/lib/gcc/i686-linux-gnu/7/crtbeginS.o
 *fill*         0x00000000000134c1        0x3 
 .bss           0x00000000000134c4       0x14 broadcast-receiver.o
 *fill*         0x00000000000134d8        0x8 
 .bss           0x00000000000134e0     0x2040 build/cooja/mtype830.o
 .bss           0x0000000000015520        0x1 build/cooja/mtype830.a(simEnvChange.o)
                0x0000000000015520                simDontFallAsleep
 *fill*         0x0000000000015521        0x3 
 .bss           0x0000000000015524        0x4 build/cooja/mtype830.a(cooja_mt.o)
 .bss           0x0000000000015528        0x4 build/cooja/mtype830.a(cooja_mtarch.o)
 .bss           0x000000000001552c        0x0 build/cooja/mtype830.a(rtimer-arch.o)
 .bss           0x000000000001552c        0x0 build/cooja/mtype830.a(beep.o)
 .bss           0x000000000001552c        0x1 build/cooja/mtype830.a(leds-arch.o)
                0x000000000001552c                simLedsValue
 .bss           0x000000000001552d        0x0 build/cooja/mtype830.a(moteid.o)
 .bss           0x000000000001552d        0x1 build/cooja/mtype830.a(pir-sensor.o)
                0x000000000001552d                simPirValue
 *fill*         0x000000000001552e        0x2 
 .bss           0x0000000000015530        0x4 build/cooja/mtype830.a(rs232.o)
 .bss           0x0000000000015534        0x1 build/cooja/mtype830.a(vib-sensor.o)
                0x0000000000015534                simVibValue
 .bss           0x0000000000015535        0x0 build/cooja/mtype830.a(clock.o)
 *fill*         0x0000000000015535        0xb 
 .bss           0x0000000000015540     0x2020 build/cooja/mtype830.a(cooja-log.o)
 .bss           0x0000000000017560      0xfc0 build/cooja/mtype830.a(cfs-cooja.o)
                0x0000000000017560                simCFSData
                0x0000000000018500                simCFSSize
                0x0000000000018504                simCFSChanged
                0x0000000000018508                simCFSRead
                0x000000000001850c                simCFSWritten
 .bss           0x0000000000018520       0x24 build/cooja/mtype830.a(cooja-radio.o)
                0x0000000000018520                simReceiving
                0x0000000000018524                simInSize
                0x0000000000018528                simLastPacketTimestamp
                0x0000000000018530                simOutSize
 .bss           0x0000000000018544        0xc build/cooja/mtype830.a(eeprom.o)
                0x0000000000018544                simEEPROMChanged
                0x0000000000018548                simEEPROMRead
                0x000000000001854c                simEEPROMWritten
 .bss           0x0000000000018550        0x0 build/cooja/mtype830.a(random.o)
 .bss           0x0000000000018550        0xc build/cooja/mtype830.a(sensors.o)
 .bss           0x000000000001855c        0x0 build/cooja/mtype830.a(leds.o)
 .bss           0x000000000001855c       0x24 build/cooja/mtype830.a(gpio-hal-arch.o)
 .bss           0x0000000000018580        0x0 build/cooja/mtype830.a(buttons.o)
 .bss           0x0000000000018580        0x0 build/cooja/mtype830.a(contiki-main.o)
 .bss           0x0000000000018580        0x0 build/cooja/mtype830.a(autostart.o)
 .bss           0x0000000000018580        0x5 build/cooja/mtype830.a(ctimer.o)
 *fill*         0x0000000000018585        0x3 
 .bss           0x0000000000018588       0x2c build/cooja/mtype830.a(log.o)
                0x0000000000018588                curr_log_level_rpl
                0x000000000001858c                curr_log_level_tcpip
                0x0000000000018590                curr_log_level_ipv6
                0x0000000000018594                curr_log_level_6lowpan
                0x0000000000018598                curr_log_level_nullnet
                0x000000000001859c                curr_log_level_mac
                0x00000000000185a0                curr_log_level_framer
                0x00000000000185a4                curr_log_level_6top
                0x00000000000185a8                curr_log_level_coap
                0x00000000000185ac                curr_log_level_snmp
                0x00000000000185b0                curr_log_level_lwm2m
 .bss           0x00000000000185b4        0x0 build/cooja/mtype830.a(energest.o)
 .bss           0x00000000000185b4        0x8 build/cooja/mtype830.a(etimer.o)
 .bss           0x00000000000185bc        0x2 build/cooja/mtype830.a(node-id.o)
                0x00000000000185bc                node_id
 *fill*         0x00000000000185be        0x2 
 .bss           0x00000000000185c0      0x1a1 build/cooja/mtype830.a(process.o)
                0x00000000000185c0                process_list
                0x00000000000185c4                process_current
 *fill*         0x0000000000018761        0x3 
 .bss           0x0000000000018764        0x4 build/cooja/mtype830.a(rtimer.o)
 .bss           0x0000000000018768        0x0 build/cooja/mtype830.a(timer.o)
 .bss           0x0000000000018768        0x0 build/cooja/mtype830.a(list.o)
 .bss           0x0000000000018768       0x10 build/cooja/mtype830.a(button-hal.o)
 *fill*         0x0000000000018778        0x8 
 .bss           0x0000000000018780      0x140 build/cooja/mtype830.a(serial-line.o)
 .bss           0x00000000000188c0        0x4 build/cooja/mtype830.a(gpio-hal.o)
 *fill*         0x00000000000188c4       0x1c 
 .bss           0x00000000000188e0      0x5c0 build/cooja/mtype830.a(queuebuf.o)
 .bss           0x0000000000018ea0       0xa0 build/cooja/mtype830.a(packetbuf.o)
 .bss           0x0000000000018f40        0x4 build/cooja/mtype830.a(netstack.o)
 .bss           0x0000000000018f44        0x0 build/cooja/mtype830.a(linkaddr.o)
 .bss           0x0000000000018f44        0x0 build/cooja/mtype830.a(csma.o)
 *fill*         0x0000000000018f44       0x1c 
 .bss           0x0000000000018f60      0x186 build/cooja/mtype830.a(csma-output.o)
 *fill*         0x00000000000190e6        0x2 
 .bss           0x00000000000190e8        0x4 build/cooja/mtype830.a(nullnet.o)
 .bss           0x00000000000190ec        0x0 build/cooja/mtype830.a(nullrouting.o)
 .bss           0x00000000000190ec        0x0 build/cooja/mtype830.a(watchdog.o)
 .bss           0x00000000000190ec        0x4 build/cooja/mtype830.a(int-master.o)
 .bss           0x00000000000190f0        0x0 build/cooja/mtype830.a(ringbuf.o)
 .bss           0x00000000000190f0        0x0 build/cooja/mtype830.a(memb.o)
 .bss           0x00000000000190f0        0x0 build/cooja/mtype830.a(assert.o)
 *fill*         0x00000000000190f0       0x10 
 .bss           0x0000000000019100      0x100 build/cooja/mtype830.a(mac-sequence.o)
 .bss           0x0000000000019200        0x0 build/cooja/mtype830.a(mac.o)
 .bss           0x0000000000019200        0x2 build/cooja/mtype830.a(framer-802154.o)
 .bss           0x0000000000019202        0x0 build/cooja/mtype830.a(frame802154.o)
 .bss           0x0000000000019202        0x0 build/cooja/mtype830.a(csma-security.o)
 .bss           0x0000000000019202        0x0 /usr/lib/i386-linux-gnu/libc_nonshared.a(stack_chk_fail_local.oS)
 .bss           0x0000000000019202        0x0 /usr/lib/gcc/i686-linux-gnu/7/crtendS.o
 .bss           0x0000000000019202        0x0 /usr/lib/gcc/i686-linux-gnu/7/../../../i386-linux-gnu/crtn.o
 *(COMMON)
 *fill*         0x0000000000019202        0x2 
 COMMON         0x0000000000019204        0x8 build/cooja/mtype830.o
                0x0000000000019204                referenceVar
                0x0000000000019208                sensors_flags
 COMMON         0x000000000001920c        0xc build/cooja/mtype830.a(simEnvChange.o)
                0x000000000001920c                simEtimerPending
                0x0000000000019210                simProcessRunValue
                0x0000000000019214                simEtimerNextExpirationTime
 COMMON         0x0000000000019218       0x18 build/cooja/mtype830.a(rtimer-arch.o)
                0x0000000000019218                simRtimerPending
                0x0000000000019220                simRtimerCurrentTicks
                0x0000000000019228                simRtimerNextExpirationTime
 COMMON         0x0000000000019230        0x1 build/cooja/mtype830.a(beep.o)
                0x0000000000019230                simBeeped
 *fill*         0x0000000000019231        0x3 
 COMMON         0x0000000000019234        0xc build/cooja/mtype830.a(moteid.o)
                0x0000000000019234                simRandomSeed
                0x0000000000019238                simMoteIDChanged
                0x000000000001923c                simMoteID
 COMMON         0x0000000000019240        0x2 build/cooja/mtype830.a(pir-sensor.o)
                0x0000000000019240                simPirIsActive
                0x0000000000019241                simPirChanged
 *fill*         0x0000000000019242       0x1e 
 COMMON         0x0000000000019260      0x820 build/cooja/mtype830.a(rs232.o)
                0x0000000000019260                simSerialReceivingFlag
                0x0000000000019264                simSerialReceivingLength
                0x0000000000019280                simSerialReceivingData
 COMMON         0x0000000000019a80        0x2 build/cooja/mtype830.a(vib-sensor.o)
                0x0000000000019a80                simVibChanged
                0x0000000000019a81                simVibIsActive
 *fill*         0x0000000000019a82        0x2 
 COMMON         0x0000000000019a84        0x4 build/cooja/mtype830.a(clock.o)
                0x0000000000019a84                simCurrentTime
 *fill*         0x0000000000019a88       0x18 
 COMMON         0x0000000000019aa0     0x2020 build/cooja/mtype830.a(cooja-log.o)
                0x0000000000019aa0                simLoggedLength
                0x0000000000019aa4                simLoggedFlag
                0x0000000000019ac0                simLoggedData
 COMMON         0x000000000001bac0       0xfd build/cooja/mtype830.a(cooja-radio.o)
                0x000000000001bac0                simOutDataBuffer
                0x000000000001bb40                simInDataBuffer
 *fill*         0x000000000001bbbd        0x3 
 COMMON         0x000000000001bbc0      0x400 build/cooja/mtype830.a(eeprom.o)
                0x000000000001bbc0                simEEPROMData
 COMMON         0x000000000001bfc0        0x1 build/cooja/mtype830.a(sensors.o)
                0x000000000001bfc0                sensors_event
 COMMON         0x000000000001bfc1        0x2 build/cooja/mtype830.a(buttons.o)
                0x000000000001bfc1                simButtonIsDown
                0x000000000001bfc2                simButtonChanged
 COMMON         0x000000000001bfc3        0x3 build/cooja/mtype830.a(button-hal.o)
                0x000000000001bfc3                button_hal_periodic_event
                0x000000000001bfc4                button_hal_press_event
                0x000000000001bfc5                button_hal_release_event
 COMMON         0x000000000001bfc6        0x1 build/cooja/mtype830.a(serial-line.o)
                0x000000000001bfc6                serial_line_event_message
 *fill*         0x000000000001bfc7        0x1 
 COMMON         0x000000000001bfc8       0x2c build/cooja/mtype830.a(packetbuf.o)
                0x000000000001bfc8                packetbuf_attrs
                0x000000000001bfe4                packetbuf_addrs
 COMMON         0x000000000001bff4        0x8 build/cooja/mtype830.a(linkaddr.o)
                0x000000000001bff4                linkaddr_node_addr
 COMMON         0x000000000001bffc        0x8 build/cooja/mtype830.a(nullnet.o)
                0x000000000001bffc                nullnet_len
                0x000000000001c000                nullnet_buf
                0x000000000001c004                . = ALIGN ((. != 0x0)?0x4:0x1)
                0x000000000001c004                . = ALIGN (0x4)
                0x000000000001c004                . = SEGMENT_START ("ldata-segment", .)
                0x000000000001c004                . = ALIGN (0x4)
                0x000000000001c004                _end = .
                [!provide]                        PROVIDE (end = .)
                0x000000000001c004                . = DATA_SEGMENT_END (.)

.stab
 *(.stab)

.stabstr
 *(.stabstr)

.stab.excl
 *(.stab.excl)

.stab.exclstr
 *(.stab.exclstr)

.stab.index
 *(.stab.index)

.stab.indexstr
 *(.stab.indexstr)

.comment        0x0000000000000000       0x29
 *(.comment)
 .comment       0x0000000000000000       0x29 /usr/lib/gcc/i686-linux-gnu/7/crtbeginS.o
                                         0x2a (size before relaxing)
 .comment       0x0000000000000029       0x2a broadcast-receiver.o
 .comment       0x0000000000000029       0x2a build/cooja/mtype830.o
 .comment       0x0000000000000029       0x2a build/cooja/mtype830.a(simEnvChange.o)
 .comment       0x0000000000000029       0x2a build/cooja/mtype830.a(cooja_mt.o)
 .comment       0x0000000000000029       0x2a build/cooja/mtype830.a(cooja_mtarch.o)
 .comment       0x0000000000000029       0x2a build/cooja/mtype830.a(rtimer-arch.o)
 .comment       0x0000000000000029       0x2a build/cooja/mtype830.a(beep.o)
 .comment       0x0000000000000029       0x2a build/cooja/mtype830.a(leds-arch.o)
 .comment       0x0000000000000029       0x2a build/cooja/mtype830.a(moteid.o)
 .comment       0x0000000000000029       0x2a build/cooja/mtype830.a(pir-sensor.o)
 .comment       0x0000000000000029       0x2a build/cooja/mtype830.a(rs232.o)
 .comment       0x0000000000000029       0x2a build/cooja/mtype830.a(vib-sensor.o)
 .comment       0x0000000000000029       0x2a build/cooja/mtype830.a(clock.o)
 .comment       0x0000000000000029       0x2a build/cooja/mtype830.a(cooja-log.o)
 .comment       0x0000000000000029       0x2a build/cooja/mtype830.a(cfs-cooja.o)
 .comment       0x0000000000000029       0x2a build/cooja/mtype830.a(cooja-radio.o)
 .comment       0x0000000000000029       0x2a build/cooja/mtype830.a(eeprom.o)
 .comment       0x0000000000000029       0x2a build/cooja/mtype830.a(random.o)
 .comment       0x0000000000000029       0x2a build/cooja/mtype830.a(sensors.o)
 .comment       0x0000000000000029       0x2a build/cooja/mtype830.a(leds.o)
 .comment       0x0000000000000029       0x2a build/cooja/mtype830.a(gpio-hal-arch.o)
 .comment       0x0000000000000029       0x2a build/cooja/mtype830.a(buttons.o)
 .comment       0x0000000000000029       0x2a build/cooja/mtype830.a(contiki-main.o)
 .comment       0x0000000000000029       0x2a build/cooja/mtype830.a(autostart.o)
 .comment       0x0000000000000029       0x2a build/cooja/mtype830.a(ctimer.o)
 .comment       0x0000000000000029       0x2a build/cooja/mtype830.a(log.o)
 .comment       0x0000000000000029       0x2a build/cooja/mtype830.a(energest.o)
 .comment       0x0000000000000029       0x2a build/cooja/mtype830.a(etimer.o)
 .comment       0x0000000000000029       0x2a build/cooja/mtype830.a(node-id.o)
 .comment       0x0000000000000029       0x2a build/cooja/mtype830.a(process.o)
 .comment       0x0000000000000029       0x2a build/cooja/mtype830.a(rtimer.o)
 .comment       0x0000000000000029       0x2a build/cooja/mtype830.a(timer.o)
 .comment       0x0000000000000029       0x2a build/cooja/mtype830.a(list.o)
 .comment       0x0000000000000029       0x2a build/cooja/mtype830.a(button-hal.o)
 .comment       0x0000000000000029       0x2a build/cooja/mtype830.a(serial-line.o)
 .comment       0x0000000000000029       0x2a build/cooja/mtype830.a(gpio-hal.o)
 .comment       0x0000000000000029       0x2a build/cooja/mtype830.a(queuebuf.o)
 .comment       0x0000000000000029       0x2a build/cooja/mtype830.a(packetbuf.o)
 .comment       0x0000000000000029       0x2a build/cooja/mtype830.a(netstack.o)
 .comment       0x0000000000000029       0x2a build/cooja/mtype830.a(linkaddr.o)
 .comment       0x0000000000000029       0x2a build/cooja/mtype830.a(csma.o)
 .comment       0x0000000000000029       0x2a build/cooja/mtype830.a(csma-output.o)
 .comment       0x0000000000000029       0x2a build/cooja/mtype830.a(nullnet.o)
 .comment       0x0000000000000029       0x2a build/cooja/mtype830.a(nullrouting.o)
 .comment       0x0000000000000029       0x2a build/cooja/mtype830.a(watchdog.o)
 .comment       0x0000000000000029       0x2a build/cooja/mtype830.a(int-master.o)
 .comment       0x0000000000000029       0x2a build/cooja/mtype830.a(ringbuf.o)
 .comment       0x0000000000000029       0x2a build/cooja/mtype830.a(memb.o)
 .comment       0x0000000000000029       0x2a build/cooja/mtype830.a(assert.o)
 .comment       0x0000000000000029       0x2a build/cooja/mtype830.a(mac-sequence.o)
 .comment       0x0000000000000029       0x2a build/cooja/mtype830.a(mac.o)
 .comment       0x0000000000000029       0x2a build/cooja/mtype830.a(framer-802154.o)
 .comment       0x0000000000000029       0x2a build/cooja/mtype830.a(frame802154.o)
 .comment       0x0000000000000029       0x2a build/cooja/mtype830.a(csma-security.o)
 .comment       0x0000000000000029       0x2a /usr/lib/gcc/i686-linux-gnu/7/crtendS.o

.debug
 *(.debug)

.line
 *(.line)

.debug_srcinfo
 *(.debug_srcinfo)

.debug_sfnames
 *(.debug_sfnames)

.debug_aranges  0x0000000000000000      0x6c0
 *(.debug_aranges)
 .debug_aranges
                0x0000000000000000       0x20 broadcast-receiver.o
 .debug_aranges
                0x0000000000000020       0x20 build/cooja/mtype830.o
 .debug_aranges
                0x0000000000000040       0x20 build/cooja/mtype830.a(simEnvChange.o)
 .debug_aranges
                0x0000000000000060       0x20 build/cooja/mtype830.a(cooja_mt.o)
 .debug_aranges
                0x0000000000000080       0x20 build/cooja/mtype830.a(cooja_mtarch.o)
 .debug_aranges
                0x00000000000000a0       0x20 build/cooja/mtype830.a(rtimer-arch.o)
 .debug_aranges
                0x00000000000000c0       0x20 build/cooja/mtype830.a(beep.o)
 .debug_aranges
                0x00000000000000e0       0x20 build/cooja/mtype830.a(leds-arch.o)
 .debug_aranges
                0x0000000000000100       0x20 build/cooja/mtype830.a(moteid.o)
 .debug_aranges
                0x0000000000000120       0x20 build/cooja/mtype830.a(pir-sensor.o)
 .debug_aranges
                0x0000000000000140       0x20 build/cooja/mtype830.a(rs232.o)
 .debug_aranges
                0x0000000000000160       0x20 build/cooja/mtype830.a(vib-sensor.o)
 .debug_aranges
                0x0000000000000180       0x20 build/cooja/mtype830.a(clock.o)
 .debug_aranges
                0x00000000000001a0       0x20 build/cooja/mtype830.a(cooja-log.o)
 .debug_aranges
                0x00000000000001c0       0x20 build/cooja/mtype830.a(cfs-cooja.o)
 .debug_aranges
                0x00000000000001e0       0x20 build/cooja/mtype830.a(cooja-radio.o)
 .debug_aranges
                0x0000000000000200       0x20 build/cooja/mtype830.a(eeprom.o)
 .debug_aranges
                0x0000000000000220       0x20 build/cooja/mtype830.a(random.o)
 .debug_aranges
                0x0000000000000240       0x20 build/cooja/mtype830.a(sensors.o)
 .debug_aranges
                0x0000000000000260       0x20 build/cooja/mtype830.a(leds.o)
 .debug_aranges
                0x0000000000000280       0x20 build/cooja/mtype830.a(gpio-hal-arch.o)
 .debug_aranges
                0x00000000000002a0       0x20 build/cooja/mtype830.a(buttons.o)
 .debug_aranges
                0x00000000000002c0       0x20 build/cooja/mtype830.a(contiki-main.o)
 .debug_aranges
                0x00000000000002e0       0x20 build/cooja/mtype830.a(autostart.o)
 .debug_aranges
                0x0000000000000300       0x20 build/cooja/mtype830.a(ctimer.o)
 .debug_aranges
                0x0000000000000320       0x20 build/cooja/mtype830.a(log.o)
 .debug_aranges
                0x0000000000000340       0x20 build/cooja/mtype830.a(energest.o)
 .debug_aranges
                0x0000000000000360       0x20 build/cooja/mtype830.a(etimer.o)
 .debug_aranges
                0x0000000000000380       0x20 build/cooja/mtype830.a(node-id.o)
 .debug_aranges
                0x00000000000003a0       0x20 build/cooja/mtype830.a(process.o)
 .debug_aranges
                0x00000000000003c0       0x20 build/cooja/mtype830.a(rtimer.o)
 .debug_aranges
                0x00000000000003e0       0x20 build/cooja/mtype830.a(timer.o)
 .debug_aranges
                0x0000000000000400       0x20 build/cooja/mtype830.a(list.o)
 .debug_aranges
                0x0000000000000420       0x20 build/cooja/mtype830.a(button-hal.o)
 .debug_aranges
                0x0000000000000440       0x20 build/cooja/mtype830.a(serial-line.o)
 .debug_aranges
                0x0000000000000460       0x20 build/cooja/mtype830.a(gpio-hal.o)
 .debug_aranges
                0x0000000000000480       0x20 build/cooja/mtype830.a(queuebuf.o)
 .debug_aranges
                0x00000000000004a0       0x20 build/cooja/mtype830.a(packetbuf.o)
 .debug_aranges
                0x00000000000004c0       0x20 build/cooja/mtype830.a(netstack.o)
 .debug_aranges
                0x00000000000004e0       0x20 build/cooja/mtype830.a(linkaddr.o)
 .debug_aranges
                0x0000000000000500       0x20 build/cooja/mtype830.a(csma.o)
 .debug_aranges
                0x0000000000000520       0x20 build/cooja/mtype830.a(csma-output.o)
 .debug_aranges
                0x0000000000000540       0x20 build/cooja/mtype830.a(nullnet.o)
 .debug_aranges
                0x0000000000000560       0x20 build/cooja/mtype830.a(nullrouting.o)
 .debug_aranges
                0x0000000000000580       0x20 build/cooja/mtype830.a(watchdog.o)
 .debug_aranges
                0x00000000000005a0       0x20 build/cooja/mtype830.a(int-master.o)
 .debug_aranges
                0x00000000000005c0       0x20 build/cooja/mtype830.a(ringbuf.o)
 .debug_aranges
                0x00000000000005e0       0x20 build/cooja/mtype830.a(memb.o)
 .debug_aranges
                0x0000000000000600       0x20 build/cooja/mtype830.a(assert.o)
 .debug_aranges
                0x0000000000000620       0x20 build/cooja/mtype830.a(mac-sequence.o)
 .debug_aranges
                0x0000000000000640       0x20 build/cooja/mtype830.a(mac.o)
 .debug_aranges
                0x0000000000000660       0x20 build/cooja/mtype830.a(framer-802154.o)
 .debug_aranges
                0x0000000000000680       0x20 build/cooja/mtype830.a(frame802154.o)
 .debug_aranges
                0x00000000000006a0       0x20 build/cooja/mtype830.a(csma-security.o)

.debug_pubnames
 *(.debug_pubnames)

.debug_info     0x0000000000000000    0x1d562
 *(.debug_info .gnu.linkonce.wi.*)
 .debug_info    0x0000000000000000      0xa9a broadcast-receiver.o
 .debug_info    0x0000000000000a9a     0x4132 build/cooja/mtype830.o
 .debug_info    0x0000000000004bcc      0x515 build/cooja/mtype830.a(simEnvChange.o)
 .debug_info    0x00000000000050e1      0x2df build/cooja/mtype830.a(cooja_mt.o)
 .debug_info    0x00000000000053c0      0x5f2 build/cooja/mtype830.a(cooja_mtarch.o)
 .debug_info    0x00000000000059b2      0x30e build/cooja/mtype830.a(rtimer-arch.o)
 .debug_info    0x0000000000005cc0      0x334 build/cooja/mtype830.a(beep.o)
 .debug_info    0x0000000000005ff4      0x2e8 build/cooja/mtype830.a(leds-arch.o)
 .debug_info    0x00000000000062dc      0x261 build/cooja/mtype830.a(moteid.o)
 .debug_info    0x000000000000653d      0x37f build/cooja/mtype830.a(pir-sensor.o)
 .debug_info    0x00000000000068bc      0x61e build/cooja/mtype830.a(rs232.o)
 .debug_info    0x0000000000006eda      0x37f build/cooja/mtype830.a(vib-sensor.o)
 .debug_info    0x0000000000007259      0x293 build/cooja/mtype830.a(clock.o)
 .debug_info    0x00000000000074ec      0x686 build/cooja/mtype830.a(cooja-log.o)
 .debug_info    0x0000000000007b72      0x798 build/cooja/mtype830.a(cfs-cooja.o)
 .debug_info    0x000000000000830a     0x12e7 build/cooja/mtype830.a(cooja-radio.o)
 .debug_info    0x00000000000095f1      0x31e build/cooja/mtype830.a(eeprom.o)
 .debug_info    0x000000000000990f       0xa8 build/cooja/mtype830.a(random.o)
 .debug_info    0x00000000000099b7      0x3f5 build/cooja/mtype830.a(sensors.o)
 .debug_info    0x0000000000009dac      0x3da build/cooja/mtype830.a(leds.o)
 .debug_info    0x000000000000a186      0x945 build/cooja/mtype830.a(gpio-hal-arch.o)
 .debug_info    0x000000000000aacb      0x96f build/cooja/mtype830.a(buttons.o)
 .debug_info    0x000000000000b43a     0x1a8c build/cooja/mtype830.a(contiki-main.o)
 .debug_info    0x000000000000cec6      0x225 build/cooja/mtype830.a(autostart.o)
 .debug_info    0x000000000000d0eb      0x4d6 build/cooja/mtype830.a(ctimer.o)
 .debug_info    0x000000000000d5c1      0xb4e build/cooja/mtype830.a(log.o)
 .debug_info    0x000000000000e10f      0x210 build/cooja/mtype830.a(energest.o)
 .debug_info    0x000000000000e31f      0x4fe build/cooja/mtype830.a(etimer.o)
 .debug_info    0x000000000000e81d      0x5f1 build/cooja/mtype830.a(node-id.o)
 .debug_info    0x000000000000ee0e      0x7b2 build/cooja/mtype830.a(process.o)
 .debug_info    0x000000000000f5c0      0x314 build/cooja/mtype830.a(rtimer.o)
 .debug_info    0x000000000000f8d4      0x2b8 build/cooja/mtype830.a(timer.o)
 .debug_info    0x000000000000fb8c      0x4ce build/cooja/mtype830.a(list.o)
 .debug_info    0x000000000001005a      0x70a build/cooja/mtype830.a(button-hal.o)
 .debug_info    0x0000000000010764      0x365 build/cooja/mtype830.a(serial-line.o)
 .debug_info    0x0000000000010ac9      0x792 build/cooja/mtype830.a(gpio-hal.o)
 .debug_info    0x000000000001125b     0x14ad build/cooja/mtype830.a(queuebuf.o)
 .debug_info    0x0000000000012708     0x1471 build/cooja/mtype830.a(packetbuf.o)
 .debug_info    0x0000000000013b79      0x73d build/cooja/mtype830.a(netstack.o)
 .debug_info    0x00000000000142b6      0x2e9 build/cooja/mtype830.a(linkaddr.o)
 .debug_info    0x000000000001459f      0xeed build/cooja/mtype830.a(csma.o)
 .debug_info    0x000000000001548c     0x153f build/cooja/mtype830.a(csma-output.o)
 .debug_info    0x00000000000169cb      0xdf7 build/cooja/mtype830.a(nullnet.o)
 .debug_info    0x00000000000177c2      0xfde build/cooja/mtype830.a(nullrouting.o)
 .debug_info    0x00000000000187a0      0x218 build/cooja/mtype830.a(watchdog.o)
 .debug_info    0x00000000000189b8      0x26d build/cooja/mtype830.a(int-master.o)
 .debug_info    0x0000000000018c25      0x30c build/cooja/mtype830.a(ringbuf.o)
 .debug_info    0x0000000000018f31      0x32b build/cooja/mtype830.a(memb.o)
 .debug_info    0x000000000001925c      0x482 build/cooja/mtype830.a(assert.o)
 .debug_info    0x00000000000196de     0x1147 build/cooja/mtype830.a(mac-sequence.o)
 .debug_info    0x000000000001a825      0x61d build/cooja/mtype830.a(mac.o)
 .debug_info    0x000000000001ae42      0xd31 build/cooja/mtype830.a(framer-802154.o)
 .debug_info    0x000000000001bb73      0xbe8 build/cooja/mtype830.a(frame802154.o)
 .debug_info    0x000000000001c75b      0xe07 build/cooja/mtype830.a(csma-security.o)

.debug_abbrev   0x0000000000000000     0x6349
 *(.debug_abbrev)
 .debug_abbrev  0x0000000000000000      0x1fd broadcast-receiver.o
 .debug_abbrev  0x00000000000001fd      0x318 build/cooja/mtype830.o
 .debug_abbrev  0x0000000000000515      0x167 build/cooja/mtype830.a(simEnvChange.o)
 .debug_abbrev  0x000000000000067c      0x188 build/cooja/mtype830.a(cooja_mt.o)
 .debug_abbrev  0x0000000000000804      0x1c0 build/cooja/mtype830.a(cooja_mtarch.o)
 .debug_abbrev  0x00000000000009c4      0x18f build/cooja/mtype830.a(rtimer-arch.o)
 .debug_abbrev  0x0000000000000b53      0x18f build/cooja/mtype830.a(beep.o)
 .debug_abbrev  0x0000000000000ce2      0x15c build/cooja/mtype830.a(leds-arch.o)
 .debug_abbrev  0x0000000000000e3e      0x14a build/cooja/mtype830.a(moteid.o)
 .debug_abbrev  0x0000000000000f88      0x19a build/cooja/mtype830.a(pir-sensor.o)
 .debug_abbrev  0x0000000000001122      0x1ed build/cooja/mtype830.a(rs232.o)
 .debug_abbrev  0x000000000000130f      0x19a build/cooja/mtype830.a(vib-sensor.o)
 .debug_abbrev  0x00000000000014a9      0x18f build/cooja/mtype830.a(clock.o)
 .debug_abbrev  0x0000000000001638      0x201 build/cooja/mtype830.a(cooja-log.o)
 .debug_abbrev  0x0000000000001839      0x1eb build/cooja/mtype830.a(cfs-cooja.o)
 .debug_abbrev  0x0000000000001a24      0x390 build/cooja/mtype830.a(cooja-radio.o)
 .debug_abbrev  0x0000000000001db4      0x180 build/cooja/mtype830.a(eeprom.o)
 .debug_abbrev  0x0000000000001f34       0x6b build/cooja/mtype830.a(random.o)
 .debug_abbrev  0x0000000000001f9f      0x1cd build/cooja/mtype830.a(sensors.o)
 .debug_abbrev  0x000000000000216c      0x183 build/cooja/mtype830.a(leds.o)
 .debug_abbrev  0x00000000000022ef      0x20b build/cooja/mtype830.a(gpio-hal-arch.o)
 .debug_abbrev  0x00000000000024fa      0x1d1 build/cooja/mtype830.a(buttons.o)
 .debug_abbrev  0x00000000000026cb      0x203 build/cooja/mtype830.a(contiki-main.o)
 .debug_abbrev  0x00000000000028ce      0x12b build/cooja/mtype830.a(autostart.o)
 .debug_abbrev  0x00000000000029f9      0x1be build/cooja/mtype830.a(ctimer.o)
 .debug_abbrev  0x0000000000002bb7      0x221 build/cooja/mtype830.a(log.o)
 .debug_abbrev  0x0000000000002dd8      0x10d build/cooja/mtype830.a(energest.o)
 .debug_abbrev  0x0000000000002ee5      0x229 build/cooja/mtype830.a(etimer.o)
 .debug_abbrev  0x000000000000310e      0x180 build/cooja/mtype830.a(node-id.o)
 .debug_abbrev  0x000000000000328e      0x27b build/cooja/mtype830.a(process.o)
 .debug_abbrev  0x0000000000003509      0x1a6 build/cooja/mtype830.a(rtimer.o)
 .debug_abbrev  0x00000000000036af      0x174 build/cooja/mtype830.a(timer.o)
 .debug_abbrev  0x0000000000003823      0x1e2 build/cooja/mtype830.a(list.o)
 .debug_abbrev  0x0000000000003a05      0x256 build/cooja/mtype830.a(button-hal.o)
 .debug_abbrev  0x0000000000003c5b      0x1a0 build/cooja/mtype830.a(serial-line.o)
 .debug_abbrev  0x0000000000003dfb      0x1b0 build/cooja/mtype830.a(gpio-hal.o)
 .debug_abbrev  0x0000000000003fab      0x2b5 build/cooja/mtype830.a(queuebuf.o)
 .debug_abbrev  0x0000000000004260      0x2ce build/cooja/mtype830.a(packetbuf.o)
 .debug_abbrev  0x000000000000452e      0x207 build/cooja/mtype830.a(netstack.o)
 .debug_abbrev  0x0000000000004735      0x177 build/cooja/mtype830.a(linkaddr.o)
 .debug_abbrev  0x00000000000048ac      0x27f build/cooja/mtype830.a(csma.o)
 .debug_abbrev  0x0000000000004b2b      0x2e1 build/cooja/mtype830.a(csma-output.o)
 .debug_abbrev  0x0000000000004e0c      0x245 build/cooja/mtype830.a(nullnet.o)
 .debug_abbrev  0x0000000000005051      0x234 build/cooja/mtype830.a(nullrouting.o)
 .debug_abbrev  0x0000000000005285      0x10b build/cooja/mtype830.a(watchdog.o)
 .debug_abbrev  0x0000000000005390      0x170 build/cooja/mtype830.a(int-master.o)
 .debug_abbrev  0x0000000000005500      0x15a build/cooja/mtype830.a(ringbuf.o)
 .debug_abbrev  0x000000000000565a      0x15a build/cooja/mtype830.a(memb.o)
 .debug_abbrev  0x00000000000057b4      0x13d build/cooja/mtype830.a(assert.o)
 .debug_abbrev  0x00000000000058f1      0x21b build/cooja/mtype830.a(mac-sequence.o)
 .debug_abbrev  0x0000000000005b0c      0x16f build/cooja/mtype830.a(mac.o)
 .debug_abbrev  0x0000000000005c7b      0x22e build/cooja/mtype830.a(framer-802154.o)
 .debug_abbrev  0x0000000000005ea9      0x2cc build/cooja/mtype830.a(frame802154.o)
 .debug_abbrev  0x0000000000006175      0x1d4 build/cooja/mtype830.a(csma-security.o)

.debug_line     0x0000000000000000     0x708f
 *(.debug_line .debug_line.* .debug_line_end)
 .debug_line    0x0000000000000000      0x290 broadcast-receiver.o
 .debug_line    0x0000000000000290      0x4c1 build/cooja/mtype830.o
 .debug_line    0x0000000000000751      0x1c3 build/cooja/mtype830.a(simEnvChange.o)
 .debug_line    0x0000000000000914      0x157 build/cooja/mtype830.a(cooja_mt.o)
 .debug_line    0x0000000000000a6b      0x1fe build/cooja/mtype830.a(cooja_mtarch.o)
 .debug_line    0x0000000000000c69      0x193 build/cooja/mtype830.a(rtimer-arch.o)
 .debug_line    0x0000000000000dfc      0x11e build/cooja/mtype830.a(beep.o)
 .debug_line    0x0000000000000f1a      0x179 build/cooja/mtype830.a(leds-arch.o)
 .debug_line    0x0000000000001093      0x136 build/cooja/mtype830.a(moteid.o)
 .debug_line    0x00000000000011c9      0x171 build/cooja/mtype830.a(pir-sensor.o)
 .debug_line    0x000000000000133a      0x21a build/cooja/mtype830.a(rs232.o)
 .debug_line    0x0000000000001554      0x171 build/cooja/mtype830.a(vib-sensor.o)
 .debug_line    0x00000000000016c5      0x10f build/cooja/mtype830.a(clock.o)
 .debug_line    0x00000000000017d4      0x1f4 build/cooja/mtype830.a(cooja-log.o)
 .debug_line    0x00000000000019c8      0x224 build/cooja/mtype830.a(cfs-cooja.o)
 .debug_line    0x0000000000001bec      0x388 build/cooja/mtype830.a(cooja-radio.o)
 .debug_line    0x0000000000001f74      0x140 build/cooja/mtype830.a(eeprom.o)
 .debug_line    0x00000000000020b4       0x4d build/cooja/mtype830.a(random.o)
 .debug_line    0x0000000000002101      0x1a2 build/cooja/mtype830.a(sensors.o)
 .debug_line    0x00000000000022a3      0x200 build/cooja/mtype830.a(leds.o)
 .debug_line    0x00000000000024a3      0x2be build/cooja/mtype830.a(gpio-hal-arch.o)
 .debug_line    0x0000000000002761      0x251 build/cooja/mtype830.a(buttons.o)
 .debug_line    0x00000000000029b2      0x4de build/cooja/mtype830.a(contiki-main.o)
 .debug_line    0x0000000000002e90      0x114 build/cooja/mtype830.a(autostart.o)
 .debug_line    0x0000000000002fa4      0x1b7 build/cooja/mtype830.a(ctimer.o)
 .debug_line    0x000000000000315b      0x260 build/cooja/mtype830.a(log.o)
 .debug_line    0x00000000000033bb      0x12b build/cooja/mtype830.a(energest.o)
 .debug_line    0x00000000000034e6      0x1e8 build/cooja/mtype830.a(etimer.o)
 .debug_line    0x00000000000036ce      0x176 build/cooja/mtype830.a(node-id.o)
 .debug_line    0x0000000000003844      0x295 build/cooja/mtype830.a(process.o)
 .debug_line    0x0000000000003ad9      0x150 build/cooja/mtype830.a(rtimer.o)
 .debug_line    0x0000000000003c29      0x10f build/cooja/mtype830.a(timer.o)
 .debug_line    0x0000000000003d38      0x1bf build/cooja/mtype830.a(list.o)
 .debug_line    0x0000000000003ef7      0x291 build/cooja/mtype830.a(button-hal.o)
 .debug_line    0x0000000000004188      0x1d3 build/cooja/mtype830.a(serial-line.o)
 .debug_line    0x000000000000435b      0x219 build/cooja/mtype830.a(gpio-hal.o)
 .debug_line    0x0000000000004574      0x343 build/cooja/mtype830.a(queuebuf.o)
 .debug_line    0x00000000000048b7      0x37e build/cooja/mtype830.a(packetbuf.o)
 .debug_line    0x0000000000004c35      0x216 build/cooja/mtype830.a(netstack.o)
 .debug_line    0x0000000000004e4b      0x14a build/cooja/mtype830.a(linkaddr.o)
 .debug_line    0x0000000000004f95      0x2bb build/cooja/mtype830.a(csma.o)
 .debug_line    0x0000000000005250      0x42a build/cooja/mtype830.a(csma-output.o)
 .debug_line    0x000000000000567a      0x284 build/cooja/mtype830.a(nullnet.o)
 .debug_line    0x00000000000058fe      0x2ca build/cooja/mtype830.a(nullrouting.o)
 .debug_line    0x0000000000005bc8      0x110 build/cooja/mtype830.a(watchdog.o)
 .debug_line    0x0000000000005cd8      0x143 build/cooja/mtype830.a(int-master.o)
 .debug_line    0x0000000000005e1b      0x16a build/cooja/mtype830.a(ringbuf.o)
 .debug_line    0x0000000000005f85      0x169 build/cooja/mtype830.a(memb.o)
 .debug_line    0x00000000000060ee      0x187 build/cooja/mtype830.a(assert.o)
 .debug_line    0x0000000000006275      0x326 build/cooja/mtype830.a(mac-sequence.o)
 .debug_line    0x000000000000659b      0x1c7 build/cooja/mtype830.a(mac.o)
 .debug_line    0x0000000000006762      0x2e0 build/cooja/mtype830.a(framer-802154.o)
 .debug_line    0x0000000000006a42      0x3bb build/cooja/mtype830.a(frame802154.o)
 .debug_line    0x0000000000006dfd      0x292 build/cooja/mtype830.a(csma-security.o)

.debug_frame
 *(.debug_frame)

.debug_str      0x0000000000000000     0x594a
 *(.debug_str)
 .debug_str     0x0000000000000000      0x6ed broadcast-receiver.o
                                        0x824 (size before relaxing)
 .debug_str     0x00000000000006ed     0x1b43 build/cooja/mtype830.o
                                       0x2366 (size before relaxing)
 .debug_str     0x0000000000002230       0x2d build/cooja/mtype830.a(simEnvChange.o)
                                        0x457 (size before relaxing)
 .debug_str     0x000000000000225d       0x5e build/cooja/mtype830.a(cooja_mt.o)
                                        0x2a4 (size before relaxing)
 .debug_str     0x00000000000022bb       0x94 build/cooja/mtype830.a(cooja_mtarch.o)
                                        0x4c6 (size before relaxing)
 .debug_str     0x000000000000234f      0x124 build/cooja/mtype830.a(rtimer-arch.o)
                                        0x350 (size before relaxing)
 .debug_str     0x0000000000002473       0xc3 build/cooja/mtype830.a(beep.o)
                                        0x30c (size before relaxing)
 .debug_str     0x0000000000002536       0x9b build/cooja/mtype830.a(leds-arch.o)
                                        0x330 (size before relaxing)
 .debug_str     0x00000000000025d1       0x46 build/cooja/mtype830.a(moteid.o)
                                        0x2cf (size before relaxing)
 .debug_str     0x0000000000002617       0x54 build/cooja/mtype830.a(pir-sensor.o)
                                        0x324 (size before relaxing)
 .debug_str     0x000000000000266b       0xce build/cooja/mtype830.a(rs232.o)
                                        0x58d (size before relaxing)
 .debug_str     0x0000000000002739       0x54 build/cooja/mtype830.a(vib-sensor.o)
                                        0x324 (size before relaxing)
 .debug_str     0x000000000000278d       0x61 build/cooja/mtype830.a(clock.o)
                                        0x2df (size before relaxing)
 .debug_str     0x00000000000027ee       0xd6 build/cooja/mtype830.a(cooja-log.o)
                                        0x56d (size before relaxing)
 .debug_str     0x00000000000028c4      0x110 build/cooja/mtype830.a(cfs-cooja.o)
                                        0x578 (size before relaxing)
 .debug_str     0x00000000000029d4      0x673 build/cooja/mtype830.a(cooja-radio.o)
                                        0xfb4 (size before relaxing)
 .debug_str     0x0000000000003047       0x98 build/cooja/mtype830.a(eeprom.o)
                                        0x31c (size before relaxing)
 .debug_str     0x00000000000030df       0x33 build/cooja/mtype830.a(random.o)
                                        0x139 (size before relaxing)
 .debug_str     0x0000000000003112       0x8b build/cooja/mtype830.a(sensors.o)
                                        0x317 (size before relaxing)
 .debug_str     0x000000000000319d       0x8a build/cooja/mtype830.a(leds.o)
                                        0x2f9 (size before relaxing)
 .debug_str     0x0000000000003227      0x2a5 build/cooja/mtype830.a(gpio-hal-arch.o)
                                        0x843 (size before relaxing)
 .debug_str     0x00000000000034cc       0xf4 build/cooja/mtype830.a(buttons.o)
                                        0x822 (size before relaxing)
 .debug_str     0x00000000000035c0      0xa14 build/cooja/mtype830.a(contiki-main.o)
                                       0x1654 (size before relaxing)
 .debug_str     0x0000000000003fd4       0x38 build/cooja/mtype830.a(autostart.o)
                                        0x243 (size before relaxing)
 .debug_str     0x000000000000400c       0xcf build/cooja/mtype830.a(ctimer.o)
                                        0x327 (size before relaxing)
 .debug_str     0x00000000000040db       0x7a build/cooja/mtype830.a(log.o)
                                        0x7fc (size before relaxing)
 .debug_str     0x0000000000004155       0x4d build/cooja/mtype830.a(energest.o)
                                        0x262 (size before relaxing)
 .debug_str     0x00000000000041a2      0x150 build/cooja/mtype830.a(etimer.o)